This is LuaHBTeX, Version 1.25.7 (MiKTeX 26.5) (format=lualatex 2026.8.11)  12 AUG 2026 07:40
 restricted system commands enabled.
 file:line:error style messages enabled.
**g:/Github/EEM441/LabManualV1/main
(g:/Github/EEM441/LabManualV1/main.tex
LaTeX2e <2026-06-01>
L3 programming layer <2026-07-20>
Lua module: luaotfload 2024-12-03 v3.29 Lua based OpenType font support
Lua module: lualibs 2023-07-13 v2.76 ConTeXt Lua standard libraries.
Lua module: lualibs-extended 2023-07-13 v2.76 ConTeXt Lua libraries -- extended 
collection.
luaotfload | conf : Root cache directory is "C:/Users/Farhan Aizuddin/AppData/Lo
cal/MiKTeX/luatex-cache/generic/names".
luaotfload | init : Loading fontloader "fontloader-2023-12-28.lua" from kpse-res
olved path "C:/Users/Farhan Aizuddin/AppData/Local/Programs/MiKTeX/tex/luatex/lu
aotfload/fontloader-2023-12-28.lua".
Lua-only attribute luaotfload@noligature = 1
luaotfload | init : Context OpenType loader version 3.134
Inserting `luaotfload.node_processor' in `pre_linebreak_filter'.
Inserting `luaotfload.node_processor' in `hpack_filter'.
Inserting `luaotfload.glyph_stream' in `glyph_stream_provider'.
Inserting `luaotfload.define_font' in `define_font'.
Lua-only attribute luaotfload_color_attribute = 2
luaotfload | conf : Root cache directory is "C:/Users/Farhan Aizuddin/AppData/Lo
cal/MiKTeX/luatex-cache/generic/names".
Inserting `luaotfload.harf.strip_prefix' in `find_opentype_file'.
Inserting `luaotfload.harf.strip_prefix' in `find_truetype_file'.
Removing  `luaotfload.glyph_stream' from `glyph_stream_provider'.
Inserting `luaotfload.harf.glyphstream' in `glyph_stream_provider'.
Inserting `luaotfload.harf.finalize_vlist' in `post_linebreak_filter'.
Inserting `luaotfload.harf.finalize_hlist' in `hpack_filter'.
Inserting `luaotfload.cleanup_files' in `wrapup_run'.
Inserting `luaotfload.harf.finalize_unicode' in `finish_pdffile'.
Inserting `luaotfload.glyphinfo' in `glyph_info'.
Lua-only attribute luaotfload.letterspace_done = 3
Inserting `luaotfload.aux.set_sscale_dimens' in `luaotfload.patch_font'.
Inserting `luaotfload.aux.set_font_index' in `luaotfload.patch_font'.
Inserting `luaotfload.aux.patch_cambria_domh' in `luaotfload.patch_font'.
Inserting `luaotfload.aux.fixup_fontdata' in `luaotfload.patch_font_unsafe'.
Inserting `luaotfload.aux.set_capheight' in `luaotfload.patch_font'.
Inserting `luaotfload.aux.set_xheight' in `luaotfload.patch_font'.
Inserting `luaotfload.rewrite_fontname' in `luaotfload.patch_font'.
Inserting `tracingstacklevels' in `input_level_string'.
("C:/Users/Farhan Aizuddin/AppData/Local/Programs/MiKTeX/tex/latex/base/article
.cls"
Document Class: article 2025/01/22 v1.4n Standard LaTeX document class

("C:/Users/Farhan Aizuddin/AppData/Local/Programs/MiKTeX/tex/latex/base/size11.
clo"
File: size11.clo 2025/01/22 v1.4n Standard LaTeX file (size option)
luaotfload | db : Font names database loaded from C:/Users/Farhan Aizuddin/AppDa
ta/Local/MiKTeX/luatex-cache/generic/names/luaotfload-names.luc.gz)
\c@part=\count274
\c@section=\count275
\c@subsection=\count276
\c@subsubsection=\count277
\c@paragraph=\count278
\c@subparagraph=\count279
\c@figure=\count280
\c@table=\count281
\abovecaptionskip=\skip49
\belowcaptionskip=\skip50
\bibindent=\dimen149
) (./preamble.tex
("C:/Users/Farhan Aizuddin/AppData/Local/Programs/MiKTeX/tex/latex/fontspec/fon
tspec.sty"
("C:/Users/Farhan Aizuddin/AppData/Local/Programs/MiKTeX/tex/latex/l3packages/x
parse/xparse.sty"
("C:/Users/Farhan Aizuddin/AppData/Local/Programs/MiKTeX/tex/latex/l3kernel/exp
l3.sty"
Package: expl3 2026-07-20 L3 programming layer (loader) 

("C:/Users/Farhan Aizuddin/AppData/Local/Programs/MiKTeX/tex/latex/l3backend/l3
backend-luatex.def"
File: l3backend-luatex.def 2026-07-20 L3 backend support: PDF output (LuaTeX)
\l__color_backend_stack_int=\count282
Inserting `l3color' in `luaotfload.parse_color'.))
Package: xparse 2025-10-09 L3 Experimental document command parser
)
Package: fontspec 2025/09/29 v2.9g Font selection for XeLaTeX and LuaLaTeX
Lua module: fontspec 2025/09/29 v2.9g Font selection for XeLaTeX and LuaLaTeX
("C:/Users/Farhan Aizuddin/AppData/Local/Programs/MiKTeX/tex/latex/fontspec/fon
tspec-luatex.sty"
Package: fontspec-luatex 2025/09/29 v2.9g Font selection for XeLaTeX and LuaLaT
eX
\l__fontspec_script_int=\count283
\l__fontspec_language_int=\count284
\l__fontspec_strnum_int=\count285
\l__fontspec_tmp_int=\count286
\l__fontspec_tmpa_int=\count287
\l__fontspec_tmpb_int=\count288
\l__fontspec_tmpc_int=\count289
\l__fontspec_em_int=\count290
\l__fontspec_emdef_int=\count291
\l__fontspec_strong_int=\count292
\l__fontspec_strongdef_int=\count293
\l__fontspec_tmpa_dim=\dimen150
\l__fontspec_tmpb_dim=\dimen151
\l__fontspec_tmpc_dim=\dimen152

("C:/Users/Farhan Aizuddin/AppData/Local/Programs/MiKTeX/tex/latex/base/fontenc
.sty"
Package: fontenc 2025/07/18 v2.1d Standard LaTeX package
)
("C:/Users/Farhan Aizuddin/AppData/Local/Programs/MiKTeX/tex/latex/fontspec/fon
tspec.cfg")))
("C:/Users/Farhan Aizuddin/AppData/Local/Programs/MiKTeX/tex/latex/unicode-math
/unicode-math.sty"
Package: unicode-math 2023/08/13 v0.8r Unicode maths in XeLaTeX and LuaLaTeX

("C:/Users/Farhan Aizuddin/AppData/Local/Programs/MiKTeX/tex/latex/unicode-math
/unicode-math-luatex.sty"
Package: unicode-math-luatex 2023/08/13 v0.8r Unicode maths in XeLaTeX and LuaL
aTeX

("C:/Users/Farhan Aizuddin/AppData/Local/Programs/MiKTeX/tex/latex/l3packages/l
3keys2e/l3keys2e.sty"
Package: l3keys2e 2025-10-09 LaTeX2e option processing using LaTeX3 keys
)
("C:/Users/Farhan Aizuddin/AppData/Local/Programs/MiKTeX/tex/latex/base/fix-cm.
sty"
Package: fix-cm 2020/11/24 v1.1t fixes to LaTeX

("C:/Users/Farhan Aizuddin/AppData/Local/Programs/MiKTeX/tex/latex/base/ts1enc.
def"
File: ts1enc.def 2001/06/05 v3.0e (jk/car/fm) Standard LaTeX file
LaTeX Font Info:    Redeclaring font encoding TS1 on input line 47.
LaTeX Encoding Info:    Redeclaring text command \capitalcedilla (encoding TS1)
 on input line 49.
LaTeX Encoding Info:    Redeclaring text command \capitalogonek (encoding TS1) 
on input line 52.
LaTeX Encoding Info:    Redeclaring text command \capitalgrave (encoding TS1) o
n input line 55.
LaTeX Encoding Info:    Redeclaring text command \capitalacute (encoding TS1) o
n input line 56.
LaTeX Encoding Info:    Redeclaring text command \capitalcircumflex (encoding T
S1) on input line 57.
LaTeX Encoding Info:    Redeclaring text command \capitaltilde (encoding TS1) o
n input line 58.
LaTeX Encoding Info:    Redeclaring text command \capitaldieresis (encoding TS1
) on input line 59.
LaTeX Encoding Info:    Redeclaring text command \capitalhungarumlaut (encoding
 TS1) on input line 60.
LaTeX Encoding Info:    Redeclaring text command \capitalring (encoding TS1) on
 input line 61.
LaTeX Encoding Info:    Redeclaring text command \capitalcaron (encoding TS1) o
n input line 62.
LaTeX Encoding Info:    Redeclaring text command \capitalbreve (encoding TS1) o
n input line 63.
LaTeX Encoding Info:    Redeclaring text command \capitalmacron (encoding TS1) 
on input line 64.
LaTeX Encoding Info:    Redeclaring text command \capitaldotaccent (encoding TS
1) on input line 65.
LaTeX Encoding Info:    Redeclaring text command \t (encoding TS1) on input lin
e 66.
LaTeX Encoding Info:    Redeclaring text command \capitaltie (encoding TS1) on 
input line 67.
LaTeX Encoding Info:    Redeclaring text command \newtie (encoding TS1) on inpu
t line 68.
LaTeX Encoding Info:    Redeclaring text command \capitalnewtie (encoding TS1) 
on input line 69.
LaTeX Encoding Info:    Redeclaring text symbol \textcapitalcompwordmark (encod
ing TS1) on input line 70.
LaTeX Encoding Info:    Redeclaring text symbol \textascendercompwordmark (enco
ding TS1) on input line 71.
LaTeX Encoding Info:    Redeclaring text symbol \textquotestraightbase (encodin
g TS1) on input line 72.
LaTeX Encoding Info:    Redeclaring text symbol \textquotestraightdblbase (enco
ding TS1) on input line 73.
LaTeX Encoding Info:    Redeclaring text symbol \texttwelveudash (encoding TS1)
 on input line 74.
LaTeX Encoding Info:    Redeclaring text symbol \textthreequartersemdash (encod
ing TS1) on input line 75.
LaTeX Encoding Info:    Redeclaring text symbol \textleftarrow (encoding TS1) o
n input line 76.
LaTeX Encoding Info:    Redeclaring text symbol \textrightarrow (encoding TS1) 
on input line 77.
LaTeX Encoding Info:    Redeclaring text symbol \textblank (encoding TS1) on in
put line 78.
LaTeX Encoding Info:    Redeclaring text symbol \textdollar (encoding TS1) on i
nput line 79.
LaTeX Encoding Info:    Redeclaring text symbol \textquotesingle (encoding TS1)
 on input line 80.
LaTeX Encoding Info:    Redeclaring text command \textasteriskcentered (encodin
g TS1) on input line 81.
LaTeX Encoding Info:    Redeclaring text symbol \textdblhyphen (encoding TS1) o
n input line 92.
LaTeX Encoding Info:    Redeclaring text symbol \textfractionsolidus (encoding 
TS1) on input line 93.
LaTeX Encoding Info:    Redeclaring text symbol \textzerooldstyle (encoding TS1
) on input line 94.
LaTeX Encoding Info:    Redeclaring text symbol \textoneoldstyle (encoding TS1)
 on input line 95.
LaTeX Encoding Info:    Redeclaring text symbol \texttwooldstyle (encoding TS1)
 on input line 96.
LaTeX Encoding Info:    Redeclaring text symbol \textthreeoldstyle (encoding TS
1) on input line 97.
LaTeX Encoding Info:    Redeclaring text symbol \textfouroldstyle (encoding TS1
) on input line 98.
LaTeX Encoding Info:    Redeclaring text symbol \textfiveoldstyle (encoding TS1
) on input line 99.
LaTeX Encoding Info:    Redeclaring text symbol \textsixoldstyle (encoding TS1)
 on input line 100.
LaTeX Encoding Info:    Redeclaring text symbol \textsevenoldstyle (encoding TS
1) on input line 101.
LaTeX Encoding Info:    Redeclaring text symbol \texteightoldstyle (encoding TS
1) on input line 102.
LaTeX Encoding Info:    Redeclaring text symbol \textnineoldstyle (encoding TS1
) on input line 103.
LaTeX Encoding Info:    Redeclaring text symbol \textlangle (encoding TS1) on i
nput line 104.
LaTeX Encoding Info:    Redeclaring text symbol \textminus (encoding TS1) on in
put line 105.
LaTeX Encoding Info:    Redeclaring text symbol \textrangle (encoding TS1) on i
nput line 106.
LaTeX Encoding Info:    Redeclaring text symbol \textmho (encoding TS1) on inpu
t line 107.
LaTeX Encoding Info:    Redeclaring text symbol \textbigcircle (encoding TS1) o
n input line 108.
LaTeX Encoding Info:    Redeclaring text command \textcircled (encoding TS1) on
 input line 109.
LaTeX Encoding Info:    Redeclaring text symbol \textohm (encoding TS1) on inpu
t line 115.
LaTeX Encoding Info:    Redeclaring text symbol \textlbrackdbl (encoding TS1) o
n input line 116.
LaTeX Encoding Info:    Redeclaring text symbol \textrbrackdbl (encoding TS1) o
n input line 117.
LaTeX Encoding Info:    Redeclaring text symbol \textuparrow (encoding TS1) on 
input line 118.
LaTeX Encoding Info:    Redeclaring text symbol \textdownarrow (encoding TS1) o
n input line 119.
LaTeX Encoding Info:    Redeclaring text symbol \textasciigrave (encoding TS1) 
on input line 120.
LaTeX Encoding Info:    Redeclaring text symbol \textborn (encoding TS1) on inp
ut line 121.
LaTeX Encoding Info:    Redeclaring text symbol \textdivorced (encoding TS1) on
 input line 122.
LaTeX Encoding Info:    Redeclaring text symbol \textdied (encoding TS1) on inp
ut line 123.
LaTeX Encoding Info:    Redeclaring text symbol \textleaf (encoding TS1) on inp
ut line 124.
LaTeX Encoding Info:    Redeclaring text symbol \textmarried (encoding TS1) on 
input line 125.
LaTeX Encoding Info:    Redeclaring text symbol \textmusicalnote (encoding TS1)
 on input line 126.
LaTeX Encoding Info:    Redeclaring text symbol \texttildelow (encoding TS1) on
 input line 127.
LaTeX Encoding Info:    Redeclaring text symbol \textdblhyphenchar (encoding TS
1) on input line 128.
LaTeX Encoding Info:    Redeclaring text symbol \textasciibreve (encoding TS1) 
on input line 129.
LaTeX Encoding Info:    Redeclaring text symbol \textasciicaron (encoding TS1) 
on input line 130.
LaTeX Encoding Info:    Redeclaring text symbol \textacutedbl (encoding TS1) on
 input line 131.
LaTeX Encoding Info:    Redeclaring text symbol \textgravedbl (encoding TS1) on
 input line 132.
LaTeX Encoding Info:    Redeclaring text symbol \textdagger (encoding TS1) on i
nput line 133.
LaTeX Encoding Info:    Redeclaring text symbol \textdaggerdbl (encoding TS1) o
n input line 134.
LaTeX Encoding Info:    Redeclaring text symbol \textbardbl (encoding TS1) on i
nput line 135.
LaTeX Encoding Info:    Redeclaring text symbol \textperthousand (encoding TS1)
 on input line 136.
LaTeX Encoding Info:    Redeclaring text symbol \textbullet (encoding TS1) on i
nput line 137.
LaTeX Encoding Info:    Redeclaring text symbol \textcelsius (encoding TS1) on 
input line 138.
LaTeX Encoding Info:    Redeclaring text symbol \textdollaroldstyle (encoding T
S1) on input line 139.
LaTeX Encoding Info:    Redeclaring text symbol \textcentoldstyle (encoding TS1
) on input line 140.
LaTeX Encoding Info:    Redeclaring text symbol \textflorin (encoding TS1) on i
nput line 141.
LaTeX Encoding Info:    Redeclaring text symbol \textcolonmonetary (encoding TS
1) on input line 142.
LaTeX Encoding Info:    Redeclaring text symbol \textwon (encoding TS1) on inpu
t line 143.
LaTeX Encoding Info:    Redeclaring text symbol \textnaira (encoding TS1) on in
put line 144.
LaTeX Encoding Info:    Redeclaring text symbol \textguarani (encoding TS1) on 
input line 145.
LaTeX Encoding Info:    Redeclaring text symbol \textpeso (encoding TS1) on inp
ut line 146.
LaTeX Encoding Info:    Redeclaring text symbol \textlira (encoding TS1) on inp
ut line 147.
LaTeX Encoding Info:    Redeclaring text symbol \textrecipe (encoding TS1) on i
nput line 148.
LaTeX Encoding Info:    Redeclaring text symbol \textinterrobang (encoding TS1)
 on input line 149.
LaTeX Encoding Info:    Redeclaring text symbol \textinterrobangdown (encoding 
TS1) on input line 150.
LaTeX Encoding Info:    Redeclaring text symbol \textdong (encoding TS1) on inp
ut line 151.
LaTeX Encoding Info:    Redeclaring text symbol \texttrademark (encoding TS1) o
n input line 152.
LaTeX Encoding Info:    Redeclaring text symbol \textpertenthousand (encoding T
S1) on input line 153.
LaTeX Encoding Info:    Redeclaring text symbol \textpilcrow (encoding TS1) on 
input line 154.
LaTeX Encoding Info:    Redeclaring text symbol \textbaht (encoding TS1) on inp
ut line 155.
LaTeX Encoding Info:    Redeclaring text symbol \textnumero (encoding TS1) on i
nput line 156.
LaTeX Encoding Info:    Redeclaring text symbol \textdiscount (encoding TS1) on
 input line 157.
LaTeX Encoding Info:    Redeclaring text symbol \textestimated (encoding TS1) o
n input line 158.
LaTeX Encoding Info:    Redeclaring text symbol \textopenbullet (encoding TS1) 
on input line 159.
LaTeX Encoding Info:    Redeclaring text symbol \textservicemark (encoding TS1)
 on input line 160.
LaTeX Encoding Info:    Redeclaring text symbol \textlquill (encoding TS1) on i
nput line 161.
LaTeX Encoding Info:    Redeclaring text symbol \textrquill (encoding TS1) on i
nput line 162.
LaTeX Encoding Info:    Redeclaring text symbol \textcent (encoding TS1) on inp
ut line 163.
LaTeX Encoding Info:    Redeclaring text symbol \textsterling (encoding TS1) on
 input line 164.
LaTeX Encoding Info:    Redeclaring text symbol \textcurrency (encoding TS1) on
 input line 165.
LaTeX Encoding Info:    Redeclaring text symbol \textyen (encoding TS1) on inpu
t line 166.
LaTeX Encoding Info:    Redeclaring text symbol \textbrokenbar (encoding TS1) o
n input line 167.
LaTeX Encoding Info:    Redeclaring text symbol \textsection (encoding TS1) on 
input line 168.
LaTeX Encoding Info:    Redeclaring text symbol \textasciidieresis (encoding TS
1) on input line 169.
LaTeX Encoding Info:    Redeclaring text symbol \textcopyright (encoding TS1) o
n input line 170.
LaTeX Encoding Info:    Redeclaring text symbol \textordfeminine (encoding TS1)
 on input line 171.
LaTeX Encoding Info:    Redeclaring text symbol \textcopyleft (encoding TS1) on
 input line 172.
LaTeX Encoding Info:    Redeclaring text symbol \textlnot (encoding TS1) on inp
ut line 173.
LaTeX Encoding Info:    Redeclaring text symbol \textcircledP (encoding TS1) on
 input line 174.
LaTeX Encoding Info:    Redeclaring text symbol \textregistered (encoding TS1) 
on input line 175.
LaTeX Encoding Info:    Redeclaring text symbol \textasciimacron (encoding TS1)
 on input line 176.
LaTeX Encoding Info:    Redeclaring text symbol \textdegree (encoding TS1) on i
nput line 177.
LaTeX Encoding Info:    Redeclaring text symbol \textpm (encoding TS1) on input
 line 178.
LaTeX Encoding Info:    Redeclaring text symbol \texttwosuperior (encoding TS1)
 on input line 179.
LaTeX Encoding Info:    Redeclaring text symbol \textthreesuperior (encoding TS
1) on input line 180.
LaTeX Encoding Info:    Redeclaring text symbol \textasciiacute (encoding TS1) 
on input line 181.
LaTeX Encoding Info:    Redeclaring text symbol \textmu (encoding TS1) on input
 line 182.
LaTeX Encoding Info:    Redeclaring text symbol \textparagraph (encoding TS1) o
n input line 183.
LaTeX Encoding Info:    Redeclaring text symbol \textperiodcentered (encoding T
S1) on input line 184.
LaTeX Encoding Info:    Redeclaring text symbol \textreferencemark (encoding TS
1) on input line 185.
LaTeX Encoding Info:    Redeclaring text symbol \textonesuperior (encoding TS1)
 on input line 186.
LaTeX Encoding Info:    Redeclaring text symbol \textordmasculine (encoding TS1
) on input line 187.
LaTeX Encoding Info:    Redeclaring text symbol \textsurd (encoding TS1) on inp
ut line 188.
LaTeX Encoding Info:    Redeclaring text symbol \textonequarter (encoding TS1) 
on input line 189.
LaTeX Encoding Info:    Redeclaring text symbol \textonehalf (encoding TS1) on 
input line 190.
LaTeX Encoding Info:    Redeclaring text symbol \textthreequarters (encoding TS
1) on input line 191.
LaTeX Encoding Info:    Redeclaring text symbol \texteuro (encoding TS1) on inp
ut line 192.
LaTeX Encoding Info:    Redeclaring text symbol \texttimes (encoding TS1) on in
put line 193.
LaTeX Encoding Info:    Redeclaring text symbol \textdiv (encoding TS1) on inpu
t line 194.
))
("C:/Users/Farhan Aizuddin/AppData/Local/Programs/MiKTeX/tex/latex/amsmath/amsm
ath.sty"
Package: amsmath 2026/05/19 v2.18d AMS math features
\@mathmargin=\skip51

For additional information on amsmath, use the `?' option.

("C:/Users/Farhan Aizuddin/AppData/Local/Programs/MiKTeX/tex/latex/amsmath/amst
ext.sty"
Package: amstext 2024/11/17 v2.01 AMS text

("C:/Users/Farhan Aizuddin/AppData/Local/Programs/MiKTeX/tex/latex/amsmath/amsg
en.sty"
File: amsgen.sty 1999/11/30 v2.0 generic functions
\@emptytoks=\toks17
\ex@=\dimen153
))
("C:/Users/Farhan Aizuddin/AppData/Local/Programs/MiKTeX/tex/latex/amsmath/amsb
sy.sty"
Package: amsbsy 1999/11/29 v1.2d Bold Symbols
\pmbraise@=\dimen154
)
("C:/Users/Farhan Aizuddin/AppData/Local/Programs/MiKTeX/tex/latex/amsmath/amso
pn.sty"
Package: amsopn 2022/04/08 v2.04 operator names
)
\inf@bad=\count294
LaTeX Info: Redefining \frac on input line 235.
\uproot@=\count295
\leftroot@=\count296
LaTeX Info: Redefining \overline on input line 398.
LaTeX Info: Redefining \colon on input line 409.
\classnum@=\count297
\DOTSCASE@=\count298
LaTeX Info: Redefining \ldots on input line 495.
LaTeX Info: Redefining \dots on input line 498.
LaTeX Info: Redefining \cdots on input line 619.
\Mathstrutbox@=\box53
\strutbox@=\box54
LaTeX Info: Redefining \big on input line 721.
LaTeX Info: Redefining \Big on input line 722.
LaTeX Info: Redefining \bigg on input line 723.
LaTeX Info: Redefining \Bigg on input line 724.
\big@size=\dimen155
LaTeX Font Info:    Redeclaring font encoding OML on input line 742.
LaTeX Font Info:    Redeclaring font encoding OMS on input line 743.
\macc@depth=\count299
LaTeX Info: Redefining \bmod on input line 904.
LaTeX Info: Redefining \pmod on input line 909.
LaTeX Info: Redefining \smash on input line 939.
LaTeX Info: Redefining \relbar on input line 969.
LaTeX Info: Redefining \Relbar on input line 970.
\c@MaxMatrixCols=\count300
\dotsspace@=\muskip17
\c@parentequation=\count301
\dspbrk@lvl=\count302
\tag@help=\toks18
\row@=\count303
\column@=\count304
\maxfields@=\count305
\andhelp@=\toks19
\eqnshift@=\dimen156
\alignsep@=\dimen157
\tagshift@=\dimen158
\tagwidth@=\dimen159
\totwidth@=\dimen160
\lineht@=\dimen161
\@envbody=\toks20
\multlinegap=\skip52
\multlinetaggap=\skip53
\mathdisplay@stack=\toks21
LaTeX Info: Redefining \[ on input line 2965.
LaTeX Info: Redefining \] on input line 2966.
)
("C:/Users/Farhan Aizuddin/AppData/Local/Programs/MiKTeX/tex/lualatex/lualatex-
math/lualatex-math.sty"
Package: lualatex-math 2022/01/01 v1.12 Patches for mathematics typesetting wit
h LuaLaTeX

("C:/Users/Farhan Aizuddin/AppData/Local/Programs/MiKTeX/tex/latex/etoolbox/eto
olbox.sty"
Package: etoolbox 2025/10/02 v2.5m e-TeX tools for LaTeX (JAW)
\etb@tempcnta=\count306
)
Lua module: lualatex-math 2013/08/03 v1.3 Patches for mathematics typesetting wi
th LuaLaTeX)
\g__um_fam_int=\count307
\g__um_fonts_used_int=\count308
\l__um_primecount_int=\count309
\g__um_primekern_muskip=\muskip18

("C:/Users/Farhan Aizuddin/AppData/Local/Programs/MiKTeX/tex/latex/unicode-math
/unicode-math-table.tex")))

Package fontspec Info: 
(fontspec)             Font family 'IBMPlexSans(0)' created for font
(fontspec)             'IBMPlexSans' with options [Ligatures=TeX,Path =
(fontspec)             fonts/PlexSans/,Extension = .ttf,UprightFont =
(fontspec)             IBMPlexSans-Regular,ItalicFont =
(fontspec)             IBMPlexSans-Italic,BoldFont =
(fontspec)             IBMPlexSans-SemiBold,BoldItalicFont =
(fontspec)             IBMPlexSans-SemiBoldItalic].
(fontspec)              
(fontspec)              This font family consists of the following NFSS
(fontspec)             series/shapes:
(fontspec)              
(fontspec)             - 'normal' (m/n) with NFSS spec.:
(fontspec)             <->"[fonts/PlexSans/IBMPlexSans-Regular.ttf]:mode=node;s
cript=latn;language=dflt;+tlig;"
(fontspec)             - 'bold' (b/n) with NFSS spec.:
(fontspec)             <->"[fonts/PlexSans/IBMPlexSans-SemiBold.ttf]:mode=node;
script=latn;language=dflt;+tlig;"
(fontspec)             - 'italic' (m/it) with NFSS spec.:
(fontspec)             <->"[fonts/PlexSans/IBMPlexSans-Italic.ttf]:mode=node;sc
ript=latn;language=dflt;+tlig;"
(fontspec)             - 'bold italic' (b/it) with NFSS spec.:
(fontspec)             <->"[fonts/PlexSans/IBMPlexSans-SemiBoldItalic.ttf]:mode
=node;script=latn;language=dflt;+tlig;"


Package fontspec Info: 
(fontspec)             Font family 'IBMPlexSans(1)' created for font
(fontspec)             'IBMPlexSans' with options [Renderer=Basic,Path =
(fontspec)             fonts/PlexSans/,Extension = .ttf,UprightFont =
(fontspec)             IBMPlexSans-Regular,ItalicFont =
(fontspec)             IBMPlexSans-Italic,BoldFont =
(fontspec)             IBMPlexSans-SemiBold,BoldItalicFont =
(fontspec)             IBMPlexSans-SemiBoldItalic].
(fontspec)              
(fontspec)              This font family consists of the following NFSS
(fontspec)             series/shapes:
(fontspec)              
(fontspec)             - 'normal' (m/n) with NFSS spec.:
(fontspec)             <->"[fonts/PlexSans/IBMPlexSans-Regular.ttf]:mode=base;s
cript=latn;language=dflt;"
(fontspec)             - 'bold' (b/n) with NFSS spec.:
(fontspec)             <->"[fonts/PlexSans/IBMPlexSans-SemiBold.ttf]:mode=base;
script=latn;language=dflt;"
(fontspec)             - 'italic' (m/it) with NFSS spec.:
(fontspec)             <->"[fonts/PlexSans/IBMPlexSans-Italic.ttf]:mode=base;sc
ript=latn;language=dflt;"
(fontspec)             - 'bold italic' (b/it) with NFSS spec.:
(fontspec)             <->"[fonts/PlexSans/IBMPlexSans-SemiBoldItalic.ttf]:mode
=base;script=latn;language=dflt;"

LaTeX Font Info:    Overwriting math alphabet `\mathrm' in version `normal'
(Font)                  OT1/cmr/m/n --> TU/IBMPlexSans(1)/m/n on input line 18.

LaTeX Font Info:    Overwriting math alphabet `\mathit' in version `normal'
(Font)                  OT1/cmr/m/it --> TU/IBMPlexSans(1)/m/it on input line 1
8.
LaTeX Font Info:    Overwriting math alphabet `\mathbf' in version `normal'
(Font)                  OT1/cmr/bx/n --> TU/IBMPlexSans(1)/b/n on input line 18
.

Package fontspec Info: 
(fontspec)             Font family 'IBMPlexSans(2)' created for font
(fontspec)             'IBMPlexSans' with options [Path =
(fontspec)             fonts/PlexSans/,Extension = .ttf,UprightFont =
(fontspec)             IBMPlexSans-Light,ItalicFont =
(fontspec)             IBMPlexSans-LightItalic].
(fontspec)              
(fontspec)              This font family consists of the following NFSS
(fontspec)             series/shapes:
(fontspec)              
(fontspec)             - 'normal' (m/n) with NFSS spec.:
(fontspec)             <->"[fonts/PlexSans/IBMPlexSans-Light.ttf]:mode=node;scr
ipt=latn;language=dflt;"
(fontspec)             - 'italic' (m/it) with NFSS spec.:
(fontspec)             <->"[fonts/PlexSans/IBMPlexSans-LightItalic.ttf]:mode=no
de;script=latn;language=dflt;"


Package fontspec Info: 
(fontspec)             Font family 'IBMPlexSans(3)' created for font
(fontspec)             'IBMPlexSans' with options [Path =
(fontspec)             fonts/PlexSans/,Extension = .ttf,UprightFont =
(fontspec)             IBMPlexSans-Medium,ItalicFont =
(fontspec)             IBMPlexSans-MediumItalic].
(fontspec)              
(fontspec)              This font family consists of the following NFSS
(fontspec)             series/shapes:
(fontspec)              
(fontspec)             - 'normal' (m/n) with NFSS spec.:
(fontspec)             <->"[fonts/PlexSans/IBMPlexSans-Medium.ttf]:mode=node;sc
ript=latn;language=dflt;"
(fontspec)             - 'italic' (m/it) with NFSS spec.:
(fontspec)             <->"[fonts/PlexSans/IBMPlexSans-MediumItalic.ttf]:mode=n
ode;script=latn;language=dflt;"


("C:/Users/Farhan Aizuddin/AppData/Local/Programs/MiKTeX/tex/latex/jetbrainsmon
o-otf/JetBrainsMono.fontspec")

Package fontspec Info: 
(fontspec)             JetBrainsMono-Regular scale = 0.9381771102530582.


Package fontspec Info: 
(fontspec)             JetBrainsMono-Regular scale = 0.9381771102530582.


Package fontspec Info: 
(fontspec)             JetBrainsMono-Bold scale = 0.9381771102530582.


Package fontspec Info: 
(fontspec)             JetBrainsMono-Italic scale = 0.9381771102530582.


Package fontspec Info: 
(fontspec)             JetBrainsMono-BoldItalic scale = 0.9381771102530582.


Package fontspec Info: 
(fontspec)             Font family 'JetBrainsMono(0)' created for font
(fontspec)             'JetBrainsMono' with options
(fontspec)             [WordSpace={1,0,0},HyphenChar=None,PunctuationSpace=Word
Space,Path
(fontspec)             = fonts/JetBrainsMono/,Extension = .ttf,UprightFont =
(fontspec)             JetBrainsMono-Regular,ItalicFont =
(fontspec)             JetBrainsMono-Italic,BoldFont =
(fontspec)             JetBrainsMono-Bold,BoldItalicFont =
(fontspec)             JetBrainsMono-BoldItalic,RawFeature = {-calt},Scale =
(fontspec)             MatchLowercase].
(fontspec)              
(fontspec)              This font family consists of the following NFSS
(fontspec)             series/shapes:
(fontspec)              
(fontspec)             - 'normal' (m/n) with NFSS spec.:
(fontspec)             <->s*[0.9381771102530582]"[fonts/JetBrainsMono/JetBrains
Mono-Regular.ttf]:mode=node;script=latn;language=dflt;-calt;"
(fontspec)             - 'bold' (b/n) with NFSS spec.:
(fontspec)             <->s*[0.9381771102530582]"[fonts/JetBrainsMono/JetBrains
Mono-Bold.ttf]:mode=node;script=latn;language=dflt;-calt;"
(fontspec)             - 'italic' (m/it) with NFSS spec.:
(fontspec)             <->s*[0.9381771102530582]"[fonts/JetBrainsMono/JetBrains
Mono-Italic.ttf]:mode=node;script=latn;language=dflt;-calt;"
(fontspec)             - 'bold italic' (b/it) with NFSS spec.:
(fontspec)             <->s*[0.9381771102530582]"[fonts/JetBrainsMono/JetBrains
Mono-BoldItalic.ttf]:mode=node;script=latn;language=dflt;-calt;"


("C:/Users/Farhan Aizuddin/AppData/Local/Programs/MiKTeX/tex/latex/jetbrainsmon
o-otf/JetBrainsMono.fontspec")

Package fontspec Info: 
(fontspec)             JetBrainsMono-Regular scale = 0.9381771102530582.


Package fontspec Info: 
(fontspec)             JetBrainsMono-Regular scale = 0.9381771102530582.


Package fontspec Info: 
(fontspec)             JetBrainsMono-Bold scale = 0.9381771102530582.


Package fontspec Info: 
(fontspec)             JetBrainsMono-Italic scale = 0.9381771102530582.


Package fontspec Info: 
(fontspec)             JetBrainsMono-BoldItalic scale = 0.9381771102530582.


Package fontspec Info: 
(fontspec)             Font family 'JetBrainsMono(1)' created for font
(fontspec)             'JetBrainsMono' with options [Renderer=Basic,Path =
(fontspec)             fonts/JetBrainsMono/,Extension = .ttf,UprightFont =
(fontspec)             JetBrainsMono-Regular,ItalicFont =
(fontspec)             JetBrainsMono-Italic,BoldFont =
(fontspec)             JetBrainsMono-Bold,BoldItalicFont =
(fontspec)             JetBrainsMono-BoldItalic,RawFeature = {-calt},Scale =
(fontspec)             MatchLowercase].
(fontspec)              
(fontspec)              This font family consists of the following NFSS
(fontspec)             series/shapes:
(fontspec)              
(fontspec)             - 'normal' (m/n) with NFSS spec.:
(fontspec)             <->s*[0.9381771102530582]"[fonts/JetBrainsMono/JetBrains
Mono-Regular.ttf]:mode=base;script=latn;language=dflt;-calt;"
(fontspec)             - 'bold' (b/n) with NFSS spec.:
(fontspec)             <->s*[0.9381771102530582]"[fonts/JetBrainsMono/JetBrains
Mono-Bold.ttf]:mode=base;script=latn;language=dflt;-calt;"
(fontspec)             - 'italic' (m/it) with NFSS spec.:
(fontspec)             <->s*[0.9381771102530582]"[fonts/JetBrainsMono/JetBrains
Mono-Italic.ttf]:mode=base;script=latn;language=dflt;-calt;"
(fontspec)             - 'bold italic' (b/it) with NFSS spec.:
(fontspec)             <->s*[0.9381771102530582]"[fonts/JetBrainsMono/JetBrains
Mono-BoldItalic.ttf]:mode=base;script=latn;language=dflt;-calt;"

LaTeX Font Info:    Overwriting math alphabet `\mathtt' in version `normal'
(Font)                  OT1/cmtt/m/n --> TU/JetBrainsMono(1)/m/n on input line 
43.
LaTeX Font Info:    Overwriting math alphabet `\mathtt' in version `bold'
(Font)                  OT1/cmtt/m/n --> TU/JetBrainsMono(1)/b/n on input line 
43.

Package fontspec Info: 
(fontspec)             Font family 'STIXTwoMath-Regular(0)' created for font
(fontspec)             'STIXTwoMath-Regular' with options
(fontspec)             [Renderer=Basic,BoldItalicFont={},ItalicFont={},SmallCap
sFont={},Script=Math,RawFeature={mathfontdimen=xetex},Path={fonts/STIX2/},Exten
sion={.ttf}].
(fontspec)              
(fontspec)              This font family consists of the following NFSS
(fontspec)             series/shapes:
(fontspec)              
(fontspec)             - 'normal' (m/n) with NFSS spec.:
(fontspec)             <->"[fonts/STIX2/STIXTwoMath-Regular.ttf]:mode=base;scri
pt=math;language=dflt;mathfontdimen=xetex;"


Package fontspec Info: 
(fontspec)             Font family 'STIXTwoMath-Regular(1)' created for font
(fontspec)             'STIXTwoMath-Regular' with options
(fontspec)             [Renderer=Basic,BoldItalicFont={},ItalicFont={},SmallCap
sFont={},Script=Math,SizeFeatures={{Size=9.3075-},{Size=6.84375-9.3075,Font=STI
XTwoMath-Regular,Style=MathScript},{Size=-6.84375,Font=STIXTwoMath-Regular,Styl
e=MathScriptScript}},RawFeature={mathfontdimen=xetex},Path={fonts/STIX2/},Exten
sion={.ttf}].
(fontspec)              
(fontspec)              This font family consists of the following NFSS
(fontspec)             series/shapes:
(fontspec)              
(fontspec)             - 'normal' (m/n) with NFSS spec.:
(fontspec)             <9.3075->"[fonts/STIX2/STIXTwoMath-Regular.ttf]:mode=bas
e;script=math;language=dflt;mathfontdimen=xetex;"<6.84375-9.3075>"[fonts/STIX2/
STIXTwoMath-Regular.ttf]:mode=base;script=math;language=dflt;mathfontdimen=xete
x;+ssty=0;"<-6.84375>"[fonts/STIX2/STIXTwoMath-Regular.ttf]:mode=base;script=ma
th;language=dflt;mathfontdimen=xetex;+ssty=1;"

LaTeX Font Info:    Encoding `OT1' has changed to `TU' for symbol font
(Font)              `operators' in the math version `normal' on input line 48.
LaTeX Font Info:    Overwriting symbol font `operators' in version `normal'
(Font)                  OT1/cmr/m/n --> TU/STIXTwoMath-Regular(1)/m/n on input 
line 48.
LaTeX Font Info:    Encoding `OT1' has changed to `TU' for symbol font
(Font)              `operators' in the math version `bold' on input line 48.
LaTeX Font Info:    Overwriting symbol font `operators' in version `bold'
(Font)                  OT1/cmr/bx/n --> TU/STIXTwoMath-Regular(1)/b/n on input
 line 48.

Package fontspec Info: 
(fontspec)             Font family 'STIXTwoMath-Regular(2)' created for font
(fontspec)             'STIXTwoMath-Regular' with options
(fontspec)             [Renderer=Basic,BoldItalicFont={},ItalicFont={},SmallCap
sFont={},Script=Math,SizeFeatures={{Size=9.3075-},{Size=6.84375-9.3075,Font=STI
XTwoMath-Regular,Style=MathScript},{Size=-6.84375,Font=STIXTwoMath-Regular,Styl
e=MathScriptScript}},RawFeature={mathfontdimen=xetex},Path={fonts/STIX2/},Exten
sion={.ttf},RawFeature={mathfontdimen=tex2}].
(fontspec)              
(fontspec)              This font family consists of the following NFSS
(fontspec)             series/shapes:
(fontspec)              
(fontspec)             - 'normal' (m/n) with NFSS spec.:
(fontspec)             <9.3075->"[fonts/STIX2/STIXTwoMath-Regular.ttf]:mode=bas
e;script=math;language=dflt;mathfontdimen=xetex;mathfontdimen=tex2;"<6.84375-9.
3075>"[fonts/STIX2/STIXTwoMath-Regular.ttf]:mode=base;script=math;language=dflt
;mathfontdimen=xetex;mathfontdimen=tex2;+ssty=0;"<-6.84375>"[fonts/STIX2/STIXTw
oMath-Regular.ttf]:mode=base;script=math;language=dflt;mathfontdimen=xetex;math
fontdimen=tex2;+ssty=1;"

LaTeX Font Info:    Encoding `OMS' has changed to `TU' for symbol font
(Font)              `symbols' in the math version `normal' on input line 48.
LaTeX Font Info:    Overwriting symbol font `symbols' in version `normal'
(Font)                  OMS/cmsy/m/n --> TU/STIXTwoMath-Regular(2)/m/n on input
 line 48.
LaTeX Font Info:    Encoding `OMS' has changed to `TU' for symbol font
(Font)              `symbols' in the math version `bold' on input line 48.
LaTeX Font Info:    Overwriting symbol font `symbols' in version `bold'
(Font)                  OMS/cmsy/b/n --> TU/STIXTwoMath-Regular(2)/b/n on input
 line 48.

Package fontspec Info: 
(fontspec)             Font family 'STIXTwoMath-Regular(3)' created for font
(fontspec)             'STIXTwoMath-Regular' with options
(fontspec)             [Renderer=Basic,BoldItalicFont={},ItalicFont={},SmallCap
sFont={},Script=Math,SizeFeatures={{Size=9.3075-},{Size=6.84375-9.3075,Font=STI
XTwoMath-Regular,Style=MathScript},{Size=-6.84375,Font=STIXTwoMath-Regular,Styl
e=MathScriptScript}},RawFeature={mathfontdimen=xetex},Path={fonts/STIX2/},Exten
sion={.ttf},RawFeature={mathfontdimen=tex3}].
(fontspec)              
(fontspec)              This font family consists of the following NFSS
(fontspec)             series/shapes:
(fontspec)              
(fontspec)             - 'normal' (m/n) with NFSS spec.:
(fontspec)             <9.3075->"[fonts/STIX2/STIXTwoMath-Regular.ttf]:mode=bas
e;script=math;language=dflt;mathfontdimen=xetex;mathfontdimen=tex3;"<6.84375-9.
3075>"[fonts/STIX2/STIXTwoMath-Regular.ttf]:mode=base;script=math;language=dflt
;mathfontdimen=xetex;mathfontdimen=tex3;+ssty=0;"<-6.84375>"[fonts/STIX2/STIXTw
oMath-Regular.ttf]:mode=base;script=math;language=dflt;mathfontdimen=xetex;math
fontdimen=tex3;+ssty=1;"

LaTeX Font Info:    Encoding `OMX' has changed to `TU' for symbol font
(Font)              `largesymbols' in the math version `normal' on input line 4
8.
LaTeX Font Info:    Overwriting symbol font `largesymbols' in version `normal'
(Font)                  OMX/cmex/m/n --> TU/STIXTwoMath-Regular(3)/m/n on input
 line 48.
LaTeX Font Info:    Encoding `OMX' has changed to `TU' for symbol font
(Font)              `largesymbols' in the math version `bold' on input line 48.

LaTeX Font Info:    Overwriting symbol font `largesymbols' in version `bold'
(Font)                  OMX/cmex/m/n --> TU/STIXTwoMath-Regular(3)/b/n on input
 line 48.

("C:/Users/Farhan Aizuddin/AppData/Local/Programs/MiKTeX/tex/latex/xcolor/xcolo
r.sty"
Package: xcolor 2024/09/29 v3.02 LaTeX color extensions (UK)

("C:/Users/Farhan Aizuddin/AppData/Local/Programs/MiKTeX/tex/latex/graphics-cfg
/color.cfg"
File: color.cfg 2016/01/02 v1.6 sample color configuration
)
Package xcolor Info: Driver file: luatex.def on input line 274.

("C:/Users/Farhan Aizuddin/AppData/Local/Programs/MiKTeX/tex/latex/graphics-def
/luatex.def"
File: luatex.def 2025/09/29 v1.2f Graphics/color driver for luatex
)
("C:/Users/Farhan Aizuddin/AppData/Local/Programs/MiKTeX/tex/latex/graphics/mat
hcolor.ltx")
Package xcolor Info: Model `cmy' substituted by `cmy0' on input line 1349.
Package xcolor Info: Model `hsb' substituted by `rgb' on input line 1353.
Package xcolor Info: Model `RGB' extended on input line 1365.
Package xcolor Info: Model `HTML' substituted by `rgb' on input line 1367.
Package xcolor Info: Model `Hsb' substituted by `hsb' on input line 1368.
Package xcolor Info: Model `tHsb' substituted by `hsb' on input line 1369.
Package xcolor Info: Model `HSB' substituted by `hsb' on input line 1370.
Package xcolor Info: Model `Gray' substituted by `gray' on input line 1371.
Package xcolor Info: Model `wave' substituted by `hsb' on input line 1372.
)
("C:/Users/Farhan Aizuddin/AppData/Local/Programs/MiKTeX/tex/latex/geometry/geo
metry.sty"
Package: geometry 2026/03/07 v6.0 Page Geometry

("C:/Users/Farhan Aizuddin/AppData/Local/Programs/MiKTeX/tex/latex/graphics/key
val.sty"
Package: keyval 2026-05-17 v1.15 key=value parser (DPC)
\KV@toks@=\toks22
)
("C:/Users/Farhan Aizuddin/AppData/Local/Programs/MiKTeX/tex/generic/iftex/ifvt
ex.sty"
Package: ifvtex 2019/10/25 v1.7 ifvtex legacy package. Use iftex instead.

("C:/Users/Farhan Aizuddin/AppData/Local/Programs/MiKTeX/tex/generic/iftex/ifte
x.sty"
Package: iftex 2024/12/12 v1.0g TeX engine tests
))
\Gm@cnth=\count310
\Gm@cntv=\count311
\c@Gm@tempcnt=\count312
\Gm@bindingoffset=\dimen162
\Gm@wd@mp=\dimen163
\Gm@odd@mp=\dimen164
\Gm@even@mp=\dimen165
\Gm@layoutwidth=\dimen166
\Gm@layoutheight=\dimen167
\Gm@layouthoffset=\dimen168
\Gm@layoutvoffset=\dimen169
\Gm@dimlist=\toks23

("C:/Users/Farhan Aizuddin/AppData/Local/Programs/MiKTeX/tex/latex/geometry/geo
metry.cfg"))
("C:/Users/Farhan Aizuddin/AppData/Local/Programs/MiKTeX/tex/latex/fancyhdr/fan
cyhdr.sty"
Package: fancyhdr 2025/02/07 v5.2 Extensive control of page headers and footers

\f@nch@headwidth=\skip54
\f@nch@offset@elh=\skip55
\f@nch@offset@erh=\skip56
\f@nch@offset@olh=\skip57
\f@nch@offset@orh=\skip58
\f@nch@offset@elf=\skip59
\f@nch@offset@erf=\skip60
\f@nch@offset@olf=\skip61
\f@nch@offset@orf=\skip62
\f@nch@height=\skip63
\f@nch@footalignment=\skip64
\f@nch@widthL=\skip65
\f@nch@widthC=\skip66
\f@nch@widthR=\skip67
\@temptokenb=\toks24
)
("C:/Users/Farhan Aizuddin/AppData/Local/Programs/MiKTeX/tex/latex/titlesec/tit
lesec.sty"
Package: titlesec 2025/01/04 v2.17 Sectioning titles
\ttl@box=\box55
\beforetitleunit=\skip68
\aftertitleunit=\skip69
\ttl@plus=\dimen170
\ttl@minus=\dimen171
\ttl@toksa=\toks25
\titlewidth=\dimen172
\titlewidthlast=\dimen173
\titlewidthfirst=\dimen174
)
("C:/Users/Farhan Aizuddin/AppData/Local/Programs/MiKTeX/tex/latex/enumitem/enu
mitem.sty"
Package: enumitem 2025/02/06 v3.11 Customized lists
\labelindent=\skip70
\enit@outerparindent=\dimen175
\enit@toks=\toks26
\enit@inbox=\box56
\enit@count@id=\count313
\enitdp@description=\count314
)
("C:/Users/Farhan Aizuddin/AppData/Local/Programs/MiKTeX/tex/latex/tools/array.
sty"
Package: array 2026/02/24 v2.7b Tabular extension package (FMi)
\col@sep=\dimen176
\ar@mcellbox=\box57
\extrarowheight=\dimen177
\NC@list=\toks27
\extratabsurround=\skip71
\backup@length=\skip72
\ar@cellbox=\box58
)
("C:/Users/Farhan Aizuddin/AppData/Local/Programs/MiKTeX/tex/latex/needspace/ne
edspace.sty"
Package: needspace 2025/03/13 v1.3e reserve vertical space
)
("C:/Users/Farhan Aizuddin/AppData/Local/Programs/MiKTeX/tex/latex/booktabs/boo
ktabs.sty"
Package: booktabs 2020/01/12 v1.61803398 Publication quality tables
\heavyrulewidth=\dimen178
\lightrulewidth=\dimen179
\cmidrulewidth=\dimen180
\belowrulesep=\dimen181
\belowbottomsep=\dimen182
\aboverulesep=\dimen183
\abovetopsep=\dimen184
\cmidrulesep=\dimen185
\cmidrulekern=\dimen186
\defaultaddspace=\dimen187
\@cmidla=\count315
\@cmidlb=\count316
\@aboverulesep=\dimen188
\@belowrulesep=\dimen189
\@thisruleclass=\count317
\@lastruleclass=\count318
\@thisrulewidth=\dimen190
)
("C:/Users/Farhan Aizuddin/AppData/Local/Programs/MiKTeX/tex/latex/tools/longta
ble.sty"
Package: longtable 2026-01-28 v4.27 Multi-page Table package (DPC)
\LTleft=\skip73
\LTright=\skip74
\LTpre=\skip75
\LTpost=\skip76
\LTchunksize=\count319
\LTcapwidth=\dimen191
\LT@head=\box59
\LT@firsthead=\box60
\LT@foot=\box61
\LT@lastfoot=\box62
\LT@gbox=\box63
\LT@cols=\count320
\LT@rows=\count321
\c@LT@tables=\count322
\c@LT@chunks=\count323
\LT@p@ftn=\toks28
)
("C:/Users/Farhan Aizuddin/AppData/Local/Programs/MiKTeX/tex/latex/multirow/mul
tirow.sty"
Package: multirow 2024/11/12 v2.9 Span multiple rows of a table
\multirow@colwidth=\skip77
\multirow@cntb=\count324
\multirow@dima=\skip78
\bigstrutjot=\dimen192
)
("C:/Users/Farhan Aizuddin/AppData/Local/Programs/MiKTeX/tex/latex/caption/capt
ion.sty"
Package: caption 2023/08/05 v3.6o Customizing captions (AR)

("C:/Users/Farhan Aizuddin/AppData/Local/Programs/MiKTeX/tex/latex/caption/capt
ion3.sty"
Package: caption3 2023/07/31 v2.4d caption3 kernel (AR)
\caption@tempdima=\dimen193
\captionmargin=\dimen194
\caption@leftmargin=\dimen195
\caption@rightmargin=\dimen196
\caption@width=\dimen197
\caption@indent=\dimen198
\caption@parindent=\dimen199
\caption@hangindent=\dimen256
Package caption Info: Standard document class detected.
)
\c@caption@flags=\count325
\c@continuedfloat=\count326
Package caption Info: longtable package is loaded.

("C:/Users/Farhan Aizuddin/AppData/Local/Programs/MiKTeX/tex/latex/caption/ltca
ption.sty"
Package: ltcaption 2021/01/08 v1.4c longtable captions (AR)
))
("C:/Users/Farhan Aizuddin/AppData/Local/Programs/MiKTeX/tex/latex/hyperref/hyp
erref.sty"
Package: hyperref 2026-06-17 v7.01r Hypertext links for LaTeX

("C:/Users/Farhan Aizuddin/AppData/Local/Programs/MiKTeX/tex/latex/kvsetkeys/kv
setkeys.sty"
Package: kvsetkeys 2022-10-05 v1.19 Key value parser (HO)
)
("C:/Users/Farhan Aizuddin/AppData/Local/Programs/MiKTeX/tex/generic/kvdefineke
ys/kvdefinekeys.sty"
Package: kvdefinekeys 2019-12-19 v1.6 Define keys (HO)
)
("C:/Users/Farhan Aizuddin/AppData/Local/Programs/MiKTeX/tex/generic/pdfescape/
pdfescape.sty"
Package: pdfescape 2019/12/09 v1.15 Implements pdfTeX's escape features (HO)

("C:/Users/Farhan Aizuddin/AppData/Local/Programs/MiKTeX/tex/generic/ltxcmds/lt
xcmds.sty"
Package: ltxcmds 2023-12-04 v1.26 LaTeX kernel commands for general use (HO)
)
("C:/Users/Farhan Aizuddin/AppData/Local/Programs/MiKTeX/tex/generic/pdftexcmds
/pdftexcmds.sty"
Package: pdftexcmds 2020-06-27 v0.33 Utility functions of pdfTeX for LuaTeX (HO
)

("C:/Users/Farhan Aizuddin/AppData/Local/Programs/MiKTeX/tex/generic/infwarerr/
infwarerr.sty"
Package: infwarerr 2019/12/03 v1.5 Providing info/warning/error messages (HO)
)
Package pdftexcmds Info: \pdf@primitive is available.
Package pdftexcmds Info: \pdf@ifprimitive is available.
Package pdftexcmds Info: \pdfdraftmode found.
\pdftexcmds@toks=\toks29
))
("C:/Users/Farhan Aizuddin/AppData/Local/Programs/MiKTeX/tex/latex/hycolor/hyco
lor.sty"
Package: hycolor 2020-01-27 v1.10 Color options for hyperref/bookmark (HO)
)
("C:/Users/Farhan Aizuddin/AppData/Local/Programs/MiKTeX/tex/latex/hyperref/nam
eref.sty"
Package: nameref 2026-01-29 v2.58 Cross-referencing by name of section

("C:/Users/Farhan Aizuddin/AppData/Local/Programs/MiKTeX/tex/latex/refcount/ref
count.sty"
Package: refcount 2019/12/15 v3.6 Data extraction from label references (HO)
)
("C:/Users/Farhan Aizuddin/AppData/Local/Programs/MiKTeX/tex/generic/gettitlest
ring/gettitlestring.sty"
Package: gettitlestring 2019/12/15 v1.6 Cleanup title references (HO)

("C:/Users/Farhan Aizuddin/AppData/Local/Programs/MiKTeX/tex/latex/kvoptions/kv
options.sty"
Package: kvoptions 2022-06-15 v3.15 Key value format for package options (HO)
))
\c@section@level=\count327
)
("C:/Users/Farhan Aizuddin/AppData/Local/Programs/MiKTeX/tex/generic/stringenc/
stringenc.sty"
Package: stringenc 2019/11/29 v1.12 Convert strings between diff. encodings (HO
)
)
\@linkdim=\dimen257
\Hy@linkcounter=\count328
\Hy@pagecounter=\count329

("C:/Users/Farhan Aizuddin/AppData/Local/Programs/MiKTeX/tex/latex/hyperref/pd1
enc.def"
File: pd1enc.def 2026-06-17 v7.01r Hyperref: PDFDocEncoding definition (HO)
)
("C:/Users/Farhan Aizuddin/AppData/Local/Programs/MiKTeX/tex/generic/intcalc/in
tcalc.sty"
Package: intcalc 2019/12/15 v1.3 Expandable calculations with integers (HO)
)
\Hy@SavedSpaceFactor=\count330

("C:/Users/Farhan Aizuddin/AppData/Local/Programs/MiKTeX/tex/latex/hyperref/pue
nc.def"
File: puenc.def 2026-06-17 v7.01r Hyperref: PDF Unicode definition (HO)
)
Package hyperref Info: Option `colorlinks' set `true' on input line 4070.
Package hyperref Info: Hyper figures OFF on input line 4199.
Package hyperref Info: Link nesting OFF on input line 4204.
Package hyperref Info: Hyper index ON on input line 4207.
Package hyperref Info: Plain pages OFF on input line 4214.
Package hyperref Info: Backreferencing OFF on input line 4219.
Package hyperref Info: Implicit mode ON; LaTeX internals redefined.
Package hyperref Info: Bookmarks ON on input line 4466.
\c@Hy@tempcnt=\count331

("C:/Users/Farhan Aizuddin/AppData/Local/Programs/MiKTeX/tex/latex/url/url.sty"
\Urlmuskip=\muskip19
Package: url 2013/09/16  ver 3.4  Verb mode for urls, etc.
)
LaTeX Info: Redefining \url on input line 4805.
\XeTeXLinkMargin=\dimen258

("C:/Users/Farhan Aizuddin/AppData/Local/Programs/MiKTeX/tex/generic/bitset/bit
set.sty"
Package: bitset 2019/12/09 v1.3 Handle bit-vector datatype (HO)

("C:/Users/Farhan Aizuddin/AppData/Local/Programs/MiKTeX/tex/generic/bigintcalc
/bigintcalc.sty"
Package: bigintcalc 2019/12/15 v1.5 Expandable calculations on big integers (HO
)
))
\Fld@menulength=\count332
\Field@Width=\dimen259
\Fld@charsize=\dimen260
Package hyperref Info: Hyper figures OFF on input line 6091.
Package hyperref Info: Link nesting OFF on input line 6096.
Package hyperref Info: Hyper index ON on input line 6099.
Package hyperref Info: backreferencing OFF on input line 6106.
Package hyperref Info: Link coloring ON on input line 6109.
Package hyperref Info: Link coloring with OCG OFF on input line 6116.
Package hyperref Info: PDF/A mode OFF on input line 6121.
\Hy@abspage=\count333
\c@Item=\count334
\c@Hfootnote=\count335
)
Package hyperref Info: Driver (autodetected): hluatex.

("C:/Users/Farhan Aizuddin/AppData/Local/Programs/MiKTeX/tex/latex/hyperref/hlu
atex.def"
File: hluatex.def 2026-06-17 v7.01r Hyperref driver for luaTeX
\Fld@listcount=\count336
\c@bookmark@seq@number=\count337

("C:/Users/Farhan Aizuddin/AppData/Local/Programs/MiKTeX/tex/latex/rerunfileche
ck/rerunfilecheck.sty"
Package: rerunfilecheck 2025-06-21 v1.11 Rerun checks for auxiliary files (HO)

("C:/Users/Farhan Aizuddin/AppData/Local/Programs/MiKTeX/tex/generic/uniquecoun
ter/uniquecounter.sty"
Package: uniquecounter 2019/12/15 v1.4 Provide unlimited unique counter (HO)
)
Package uniquecounter Info: New unique counter `rerunfilecheck' on input line 2
84.
)
\Hy@SectionHShift=\skip79
)
("C:/Users/Farhan Aizuddin/AppData/Local/Programs/MiKTeX/tex/latex/graphics/gra
phicx.sty"
Package: graphicx 2026-05-17 v1.2e Enhanced LaTeX Graphics (DPC,SPQR)

("C:/Users/Farhan Aizuddin/AppData/Local/Programs/MiKTeX/tex/latex/graphics/gra
phics.sty"
Package: graphics 2026-05-17 v1.4h Standard LaTeX Graphics (DPC,SPQR)

("C:/Users/Farhan Aizuddin/AppData/Local/Programs/MiKTeX/tex/latex/graphics/tri
g.sty"
Package: trig 2023/12/02 v1.11 sin cos tan (DPC)
)
("C:/Users/Farhan Aizuddin/AppData/Local/Programs/MiKTeX/tex/latex/graphics-cfg
/graphics.cfg"
File: graphics.cfg 2016/06/04 v1.11 sample graphics configuration
)
Package graphics Info: Driver file: luatex.def on input line 106.
)
\Gin@req@height=\dimen261
\Gin@req@width=\dimen262
)
("C:/Users/Farhan Aizuddin/AppData/Local/Programs/MiKTeX/tex/latex/pgf/frontend
layer/tikz.sty"
("C:/Users/Farhan Aizuddin/AppData/Local/Programs/MiKTeX/tex/latex/pgf/basiclay
er/pgf.sty"
("C:/Users/Farhan Aizuddin/AppData/Local/Programs/MiKTeX/tex/latex/pgf/utilitie
s/pgfrcs.sty"
("C:/Users/Farhan Aizuddin/AppData/Local/Programs/MiKTeX/tex/generic/pgf/utilit
ies/pgfutil-common.tex"
\pgfutil@everybye=\toks30
\pgfutil@tempdima=\dimen263
\pgfutil@tempdimb=\dimen264
)
("C:/Users/Farhan Aizuddin/AppData/Local/Programs/MiKTeX/tex/generic/pgf/utilit
ies/pgfutil-latex.def"
\pgfutil@abb=\box64
)
("C:/Users/Farhan Aizuddin/AppData/Local/Programs/MiKTeX/tex/generic/pgf/utilit
ies/pgfrcs.code.tex"
("C:/Users/Farhan Aizuddin/AppData/Local/Programs/MiKTeX/tex/generic/pgf/pgf.re
vision.tex")
Package: pgfrcs 2026-08-01 v3.1.12 (3.1.12)
))
Package: pgf 2026-08-01 v3.1.12 (3.1.12)

("C:/Users/Farhan Aizuddin/AppData/Local/Programs/MiKTeX/tex/latex/pgf/basiclay
er/pgfcore.sty"
("C:/Users/Farhan Aizuddin/AppData/Local/Programs/MiKTeX/tex/latex/pgf/systemla
yer/pgfsys.sty"
("C:/Users/Farhan Aizuddin/AppData/Local/Programs/MiKTeX/tex/generic/pgf/system
layer/pgfsys.code.tex"
Package: pgfsys 2026-08-01 v3.1.12 (3.1.12)

("C:/Users/Farhan Aizuddin/AppData/Local/Programs/MiKTeX/tex/generic/pgf/utilit
ies/pgfkeys.code.tex"
\pgfkeys@pathtoks=\toks31
\pgfkeys@temptoks=\toks32

("C:/Users/Farhan Aizuddin/AppData/Local/Programs/MiKTeX/tex/generic/pgf/utilit
ies/pgfkeyslibraryfiltered.code.tex"
\pgfkeys@tmptoks=\toks33
))
\pgf@x=\dimen265
\pgf@y=\dimen266
\pgf@xa=\dimen267
\pgf@ya=\dimen268
\pgf@xb=\dimen269
\pgf@yb=\dimen270
\pgf@xc=\dimen271
\pgf@yc=\dimen272
\pgf@xd=\dimen273
\pgf@yd=\dimen274
\w@pgf@writea=\write3
\r@pgf@reada=\read2
\c@pgf@counta=\count338
\c@pgf@countb=\count339
\c@pgf@countc=\count340
\c@pgf@countd=\count341
\t@pgf@toka=\toks34
\t@pgf@tokb=\toks35
\t@pgf@tokc=\toks36
\pgf@sys@id@count=\count342
Lua function pgfsys@strcmp = 31
("C:/Users/Farhan Aizuddin/AppData/Local/Programs/MiKTeX/tex/generic/pgf/system
layer/pgf.cfg"
File: pgf.cfg 2026-08-01 v3.1.12 (3.1.12)
)
Driver file for pgf: pgfsys-luatex.def

("C:/Users/Farhan Aizuddin/AppData/Local/Programs/MiKTeX/tex/generic/pgf/system
layer/pgfsys-luatex.def"
File: pgfsys-luatex.def 2026-08-01 v3.1.12 (3.1.12)

("C:/Users/Farhan Aizuddin/AppData/Local/Programs/MiKTeX/tex/generic/pgf/system
layer/pgfsys-common-pdf.def"
File: pgfsys-common-pdf.def 2026-08-01 v3.1.12 (3.1.12)
)))
("C:/Users/Farhan Aizuddin/AppData/Local/Programs/MiKTeX/tex/generic/pgf/system
layer/pgfsyssoftpath.code.tex"
File: pgfsyssoftpath.code.tex 2026-08-01 v3.1.12 (3.1.12)
\pgfsyssoftpath@smallbuffer@items=\count343
\pgfsyssoftpath@bigbuffer@items=\count344
)
("C:/Users/Farhan Aizuddin/AppData/Local/Programs/MiKTeX/tex/generic/pgf/system
layer/pgfsysprotocol.code.tex"
File: pgfsysprotocol.code.tex 2026-08-01 v3.1.12 (3.1.12)
))
("C:/Users/Farhan Aizuddin/AppData/Local/Programs/MiKTeX/tex/generic/pgf/basicl
ayer/pgfcore.code.tex"
Package: pgfcore 2026-08-01 v3.1.12 (3.1.12)

("C:/Users/Farhan Aizuddin/AppData/Local/Programs/MiKTeX/tex/generic/pgf/math/p
gfmath.code.tex"
("C:/Users/Farhan Aizuddin/AppData/Local/Programs/MiKTeX/tex/generic/pgf/math/p
gfmathutil.code.tex")
("C:/Users/Farhan Aizuddin/AppData/Local/Programs/MiKTeX/tex/generic/pgf/math/p
gfmathparser.code.tex"
\pgfmath@dimen=\dimen275
\pgfmath@count=\count345
\pgfmath@box=\box65
\pgfmath@toks=\toks37
\pgfmath@stack@operand=\toks38
\pgfmath@stack@operation=\toks39
)
("C:/Users/Farhan Aizuddin/AppData/Local/Programs/MiKTeX/tex/generic/pgf/math/p
gfmathfunctions.code.tex")
("C:/Users/Farhan Aizuddin/AppData/Local/Programs/MiKTeX/tex/generic/pgf/math/p
gfmathfunctions.basic.code.tex")
("C:/Users/Farhan Aizuddin/AppData/Local/Programs/MiKTeX/tex/generic/pgf/math/p
gfmathfunctions.trigonometric.code.tex")
("C:/Users/Farhan Aizuddin/AppData/Local/Programs/MiKTeX/tex/generic/pgf/math/p
gfmathfunctions.random.code.tex")
("C:/Users/Farhan Aizuddin/AppData/Local/Programs/MiKTeX/tex/generic/pgf/math/p
gfmathfunctions.comparison.code.tex")
("C:/Users/Farhan Aizuddin/AppData/Local/Programs/MiKTeX/tex/generic/pgf/math/p
gfmathfunctions.base.code.tex")
("C:/Users/Farhan Aizuddin/AppData/Local/Programs/MiKTeX/tex/generic/pgf/math/p
gfmathfunctions.round.code.tex")
("C:/Users/Farhan Aizuddin/AppData/Local/Programs/MiKTeX/tex/generic/pgf/math/p
gfmathfunctions.misc.code.tex")
("C:/Users/Farhan Aizuddin/AppData/Local/Programs/MiKTeX/tex/generic/pgf/math/p
gfmathfunctions.integerarithmetics.code.tex")
("C:/Users/Farhan Aizuddin/AppData/Local/Programs/MiKTeX/tex/generic/pgf/math/p
gfmathcalc.code.tex")
("C:/Users/Farhan Aizuddin/AppData/Local/Programs/MiKTeX/tex/generic/pgf/math/p
gfmathfloat.code.tex"
\c@pgfmathroundto@lastzeros=\count346
))
("C:/Users/Farhan Aizuddin/AppData/Local/Programs/MiKTeX/tex/generic/pgf/math/p
gfint.code.tex")
("C:/Users/Farhan Aizuddin/AppData/Local/Programs/MiKTeX/tex/generic/pgf/basicl
ayer/pgfcorepoints.code.tex"
File: pgfcorepoints.code.tex 2026-08-01 v3.1.12 (3.1.12)
\pgf@picminx=\dimen276
\pgf@picmaxx=\dimen277
\pgf@picminy=\dimen278
\pgf@picmaxy=\dimen279
\pgf@pathminx=\dimen280
\pgf@pathmaxx=\dimen281
\pgf@pathminy=\dimen282
\pgf@pathmaxy=\dimen283
\pgf@xx=\dimen284
\pgf@xy=\dimen285
\pgf@yx=\dimen286
\pgf@yy=\dimen287
\pgf@zx=\dimen288
\pgf@zy=\dimen289
)
("C:/Users/Farhan Aizuddin/AppData/Local/Programs/MiKTeX/tex/generic/pgf/basicl
ayer/pgfcorepathconstruct.code.tex"
File: pgfcorepathconstruct.code.tex 2026-08-01 v3.1.12 (3.1.12)
\pgf@path@lastx=\dimen290
\pgf@path@lasty=\dimen291
)
("C:/Users/Farhan Aizuddin/AppData/Local/Programs/MiKTeX/tex/generic/pgf/basicl
ayer/pgfcorepathusage.code.tex"
File: pgfcorepathusage.code.tex 2026-08-01 v3.1.12 (3.1.12)
\pgf@shorten@end@additional=\dimen292
\pgf@shorten@start@additional=\dimen293
)
("C:/Users/Farhan Aizuddin/AppData/Local/Programs/MiKTeX/tex/generic/pgf/basicl
ayer/pgfcorescopes.code.tex"
File: pgfcorescopes.code.tex 2026-08-01 v3.1.12 (3.1.12)
\pgfpic=\box66
\pgf@hbox=\box67
\pgf@layerbox@main=\box68
\pgf@picture@serial@count=\count347
)
("C:/Users/Farhan Aizuddin/AppData/Local/Programs/MiKTeX/tex/generic/pgf/basicl
ayer/pgfcoregraphicstate.code.tex"
File: pgfcoregraphicstate.code.tex 2026-08-01 v3.1.12 (3.1.12)
\pgflinewidth=\dimen294
)
("C:/Users/Farhan Aizuddin/AppData/Local/Programs/MiKTeX/tex/generic/pgf/basicl
ayer/pgfcoretransformations.code.tex"
File: pgfcoretransformations.code.tex 2026-08-01 v3.1.12 (3.1.12)
\pgf@pt@x=\dimen295
\pgf@pt@y=\dimen296
\pgf@pt@temp=\dimen297
)
("C:/Users/Farhan Aizuddin/AppData/Local/Programs/MiKTeX/tex/generic/pgf/basicl
ayer/pgfcorequick.code.tex"
File: pgfcorequick.code.tex 2026-08-01 v3.1.12 (3.1.12)
)
("C:/Users/Farhan Aizuddin/AppData/Local/Programs/MiKTeX/tex/generic/pgf/basicl
ayer/pgfcoreobjects.code.tex"
File: pgfcoreobjects.code.tex 2026-08-01 v3.1.12 (3.1.12)
)
("C:/Users/Farhan Aizuddin/AppData/Local/Programs/MiKTeX/tex/generic/pgf/basicl
ayer/pgfcorepathprocessing.code.tex"
File: pgfcorepathprocessing.code.tex 2026-08-01 v3.1.12 (3.1.12)
)
("C:/Users/Farhan Aizuddin/AppData/Local/Programs/MiKTeX/tex/generic/pgf/basicl
ayer/pgfcorearrows.code.tex"
File: pgfcorearrows.code.tex 2026-08-01 v3.1.12 (3.1.12)
\pgfarrowsep=\dimen298
)
("C:/Users/Farhan Aizuddin/AppData/Local/Programs/MiKTeX/tex/generic/pgf/basicl
ayer/pgfcoreshade.code.tex"
File: pgfcoreshade.code.tex 2026-08-01 v3.1.12 (3.1.12)
\pgf@max=\dimen299
\pgf@sys@shading@range@num=\count348
\pgf@shadingcount=\count349
)
("C:/Users/Farhan Aizuddin/AppData/Local/Programs/MiKTeX/tex/generic/pgf/basicl
ayer/pgfcoreimage.code.tex"
File: pgfcoreimage.code.tex 2026-08-01 v3.1.12 (3.1.12)
)
("C:/Users/Farhan Aizuddin/AppData/Local/Programs/MiKTeX/tex/generic/pgf/basicl
ayer/pgfcoreexternal.code.tex"
File: pgfcoreexternal.code.tex 2026-08-01 v3.1.12 (3.1.12)
\pgfexternal@startupbox=\box69
)
("C:/Users/Farhan Aizuddin/AppData/Local/Programs/MiKTeX/tex/generic/pgf/basicl
ayer/pgfcorelayers.code.tex"
File: pgfcorelayers.code.tex 2026-08-01 v3.1.12 (3.1.12)
)
("C:/Users/Farhan Aizuddin/AppData/Local/Programs/MiKTeX/tex/generic/pgf/basicl
ayer/pgfcoretransparency.code.tex"
File: pgfcoretransparency.code.tex 2026-08-01 v3.1.12 (3.1.12)
)
("C:/Users/Farhan Aizuddin/AppData/Local/Programs/MiKTeX/tex/generic/pgf/basicl
ayer/pgfcorepatterns.code.tex"
File: pgfcorepatterns.code.tex 2026-08-01 v3.1.12 (3.1.12)
)
("C:/Users/Farhan Aizuddin/AppData/Local/Programs/MiKTeX/tex/generic/pgf/basicl
ayer/pgfcorerdf.code.tex"
File: pgfcorerdf.code.tex 2026-08-01 v3.1.12 (3.1.12)
)))
("C:/Users/Farhan Aizuddin/AppData/Local/Programs/MiKTeX/tex/generic/pgf/module
s/pgfmoduleshapes.code.tex"
File: pgfmoduleshapes.code.tex 2026-08-01 v3.1.12 (3.1.12)
\pgfnodeparttextbox=\box70
)
("C:/Users/Farhan Aizuddin/AppData/Local/Programs/MiKTeX/tex/generic/pgf/module
s/pgfmoduleplot.code.tex"
File: pgfmoduleplot.code.tex 2026-08-01 v3.1.12 (3.1.12)
)
("C:/Users/Farhan Aizuddin/AppData/Local/Programs/MiKTeX/tex/latex/pgf/compatib
ility/pgfcomp-version-0-65.sty"
Package: pgfcomp-version-0-65 2026-08-01 v3.1.12 (3.1.12)
\pgf@nodesepstart=\dimen300
\pgf@nodesepend=\dimen301
)
("C:/Users/Farhan Aizuddin/AppData/Local/Programs/MiKTeX/tex/latex/pgf/compatib
ility/pgfcomp-version-1-18.sty"
Package: pgfcomp-version-1-18 2026-08-01 v3.1.12 (3.1.12)
))
("C:/Users/Farhan Aizuddin/AppData/Local/Programs/MiKTeX/tex/latex/pgf/utilitie
s/pgffor.sty"
("C:/Users/Farhan Aizuddin/AppData/Local/Programs/MiKTeX/tex/latex/pgf/utilitie
s/pgfkeys.sty"
("C:/Users/Farhan Aizuddin/AppData/Local/Programs/MiKTeX/tex/generic/pgf/utilit
ies/pgfkeys.code.tex"))
("C:/Users/Farhan Aizuddin/AppData/Local/Programs/MiKTeX/tex/latex/pgf/math/pgf
math.sty"
("C:/Users/Farhan Aizuddin/AppData/Local/Programs/MiKTeX/tex/generic/pgf/math/p
gfmath.code.tex"))
("C:/Users/Farhan Aizuddin/AppData/Local/Programs/MiKTeX/tex/generic/pgf/utilit
ies/pgffor.code.tex"
Package: pgffor 2026-08-01 v3.1.12 (3.1.12)
\pgffor@iter=\dimen302
\pgffor@skip=\dimen303
\pgffor@stack=\toks40
\pgffor@toks=\toks41
))
("C:/Users/Farhan Aizuddin/AppData/Local/Programs/MiKTeX/tex/generic/pgf/fronte
ndlayer/tikz/tikz.code.tex"
Package: tikz 2026-08-01 v3.1.12 (3.1.12)

("C:/Users/Farhan Aizuddin/AppData/Local/Programs/MiKTeX/tex/generic/pgf/librar
ies/pgflibraryplothandlers.code.tex"
File: pgflibraryplothandlers.code.tex 2026-08-01 v3.1.12 (3.1.12)
\pgf@plot@mark@count=\count350
\pgfplotmarksize=\dimen304
)
\tikz@lastx=\dimen305
\tikz@lasty=\dimen306
\tikz@lastxsaved=\dimen307
\tikz@lastysaved=\dimen308
\tikz@lastmovetox=\dimen309
\tikz@lastmovetoy=\dimen310
\tikzleveldistance=\dimen311
\tikzsiblingdistance=\dimen312
\tikz@figbox=\box71
\tikz@figbox@bg=\box72
\tikz@tempbox=\box73
\tikz@tempbox@bg=\box74
\tikztreelevel=\count351
\tikznumberofchildren=\count352
\tikznumberofcurrentchild=\count353
\tikz@fig@count=\count354

("C:/Users/Farhan Aizuddin/AppData/Local/Programs/MiKTeX/tex/generic/pgf/module
s/pgfmodulematrix.code.tex"
File: pgfmodulematrix.code.tex 2026-08-01 v3.1.12 (3.1.12)
\pgfmatrixcurrentrow=\count355
\pgfmatrixcurrentcolumn=\count356
\pgf@matrix@numberofcolumns=\count357
)
\tikz@expandcount=\count358

("C:/Users/Farhan Aizuddin/AppData/Local/Programs/MiKTeX/tex/generic/pgf/fronte
ndlayer/tikz/libraries/tikzlibrarytopaths.code.tex"
File: tikzlibrarytopaths.code.tex 2026-08-01 v3.1.12 (3.1.12)
)))
("C:/Users/Farhan Aizuddin/AppData/Local/Programs/MiKTeX/tex/generic/pgf/fronte
ndlayer/tikz/libraries/tikzlibraryshapes.geometric.code.tex"
File: tikzlibraryshapes.geometric.code.tex 2026-08-01 v3.1.12 (3.1.12)

("C:/Users/Farhan Aizuddin/AppData/Local/Programs/MiKTeX/tex/generic/pgf/librar
ies/shapes/pgflibraryshapes.geometric.code.tex"
File: pgflibraryshapes.geometric.code.tex 2026-08-01 v3.1.12 (3.1.12)
))
("C:/Users/Farhan Aizuddin/AppData/Local/Programs/MiKTeX/tex/generic/pgf/librar
ies/pgflibraryarrows.meta.code.tex"
File: pgflibraryarrows.meta.code.tex 2026-08-01 v3.1.12 (3.1.12)
\pgfarrowinset=\dimen313
\pgfarrowlength=\dimen314
\pgfarrowwidth=\dimen315
\pgfarrowlinewidth=\dimen316
)
("C:/Users/Farhan Aizuddin/AppData/Local/Programs/MiKTeX/tex/generic/pgf/fronte
ndlayer/tikz/libraries/tikzlibrarypositioning.code.tex"
File: tikzlibrarypositioning.code.tex 2026-08-01 v3.1.12 (3.1.12)
)
("C:/Users/Farhan Aizuddin/AppData/Local/Programs/MiKTeX/tex/generic/pgf/fronte
ndlayer/tikz/libraries/tikzlibrarycalc.code.tex"
File: tikzlibrarycalc.code.tex 2026-08-01 v3.1.12 (3.1.12)
)
("C:/Users/Farhan Aizuddin/AppData/Local/Programs/MiKTeX/tex/generic/pgf/fronte
ndlayer/tikz/libraries/tikzlibraryfit.code.tex"
File: tikzlibraryfit.code.tex 2026-08-01 v3.1.12 (3.1.12)
)
("C:/Users/Farhan Aizuddin/AppData/Local/Programs/MiKTeX/tex/generic/pgf/fronte
ndlayer/tikz/libraries/tikzlibrarybackgrounds.code.tex"
File: tikzlibrarybackgrounds.code.tex 2026-08-01 v3.1.12 (3.1.12)
\pgf@layerbox@background=\box75
\pgf@layerboxsaved@background=\box76
)
("C:/Users/Farhan Aizuddin/AppData/Local/Programs/MiKTeX/tex/latex/listings/lis
tings.sty"
\lst@mode=\count359
\lst@gtempboxa=\box77
\lst@token=\toks42
\lst@length=\count360
\lst@currlwidth=\dimen317
\lst@column=\count361
\lst@pos=\count362
\lst@lostspace=\dimen318
\lst@width=\dimen319
\lst@newlines=\count363
\lst@lineno=\count364
\lst@maxwidth=\dimen320

("C:/Users/Farhan Aizuddin/AppData/Local/Programs/MiKTeX/tex/latex/listings/lst
patch.sty"
File: lstpatch.sty 2025/11/14 1.11b (Carsten Heinz)
)
("C:/Users/Farhan Aizuddin/AppData/Local/Programs/MiKTeX/tex/latex/listings/lst
misc.sty"
File: lstmisc.sty 2025/11/14 1.11b (Carsten Heinz)
\c@lstnumber=\count365
\lst@skipnumbers=\count366
\lst@framebox=\box78
)
("C:/Users/Farhan Aizuddin/AppData/Local/Programs/MiKTeX/tex/latex/listings/lis
tings.cfg"
File: listings.cfg 2025/11/14 1.11b listings configuration
))
Package: listings 2025/11/14 1.11b (Carsten Heinz)

("C:/Users/Farhan Aizuddin/AppData/Local/Programs/MiKTeX/tex/latex/tcolorbox/tc
olorbox.sty"
Package: tcolorbox 2026/05/28 version 6.10.0 text color boxes

("C:/Users/Farhan Aizuddin/AppData/Local/Programs/MiKTeX/tex/latex/tools/verbat
im.sty"
Package: verbatim 2024-01-22 v1.5x LaTeX2e package for verbatim enhancements
\every@verbatim=\toks43
\verbatim@line=\toks44
\verbatim@in@stream=\read3
)
("C:/Users/Farhan Aizuddin/AppData/Local/Programs/MiKTeX/tex/latex/environ/envi
ron.sty"
Package: environ 2014/05/04 v0.3 A new way to define environments

("C:/Users/Farhan Aizuddin/AppData/Local/Programs/MiKTeX/tex/latex/trimspaces/t
rimspaces.sty"
Package: trimspaces 2009/09/17 v1.1 Trim spaces around a token list
))
\tcb@titlebox=\box79
\tcb@upperbox=\box80
\tcb@lowerbox=\box81
\tcb@phantombox=\box82
\c@tcbbreakpart=\count367
\c@tcblayer=\count368
\c@tcolorbox@number=\count369
\l__tcobox_tmpa_box=\box83
\l__tcobox_tmpa_dim=\dimen321
\tcb@temp=\box84
\tcb@temp=\box85
\tcb@temp=\box86
\tcb@temp=\box87

("C:/Users/Farhan Aizuddin/AppData/Local/Programs/MiKTeX/tex/latex/tcolorbox/tc
braster.code.tex"
Library (tcolorbox): 'tcbraster.code.tex' version '6.10.0'
\c@tcbrastercolumn=\count370
\c@tcbrasterrow=\count371
\c@tcbrasternum=\count372
\c@tcbraster=\count373
)
("C:/Users/Farhan Aizuddin/AppData/Local/Programs/MiKTeX/tex/latex/tcolorbox/tc
bskins.code.tex"
Library (tcolorbox): 'tcbskins.code.tex' version '6.10.0'

("C:/Users/Farhan Aizuddin/AppData/Local/Programs/MiKTeX/tex/latex/tikzfill/tik
zfill.image.sty"
Package: tikzfill.image 2026/04/23 v1.2.0 Image filling library for TikZ

("C:/Users/Farhan Aizuddin/AppData/Local/Programs/MiKTeX/tex/latex/tikzfill/tik
zlibraryfill.image.code.tex"
File: tikzlibraryfill.image.code.tex 2026/04/23 v1.2.0 Image filling library
\l__tikzfill_tmpa_dim=\dimen322
\l__tikzfill_tmpb_dim=\dimen323
\l__tikzfill_img_box=\box88
))
("C:/Users/Farhan Aizuddin/AppData/Local/Programs/MiKTeX/tex/latex/tcolorbox/tc
bskinsjigsaw.code.tex"
Library (tcolorbox): 'tcbskinsjigsaw.code.tex' version '6.10.0'
))
("C:/Users/Farhan Aizuddin/AppData/Local/Programs/MiKTeX/tex/latex/tcolorbox/tc
bbreakable.code.tex"
Library (tcolorbox): 'tcbbreakable.code.tex' version '6.10.0'

("C:/Users/Farhan Aizuddin/AppData/Local/Programs/MiKTeX/tex/latex/pdfcol/pdfco
l.sty"
Package: pdfcol 2022-09-21 v1.7 Handle new color stacks for pdfTeX (HO)
)
Package pdfcol Info: New color stack `tcb@breakable' = 1 on input line 23.
\tcb@testbox=\box89
\tcb@totalupperbox=\box90
\tcb@totallowerbox=\box91

("C:/Users/Farhan Aizuddin/AppData/Local/Programs/MiKTeX/tex/generic/iftex/iflu
atex.sty"
Package: ifluatex 2019/10/25 v1.5 ifluatex legacy package. Use iftex instead.
))
("C:/Users/Farhan Aizuddin/AppData/Local/Programs/MiKTeX/tex/latex/tcolorbox/tc
bhooks.code.tex"
Library (tcolorbox): 'tcbhooks.code.tex' version '6.10.0'
)
("C:/Users/Farhan Aizuddin/AppData/Local/Programs/MiKTeX/tex/latex/tcolorbox/tc
btheorems.code.tex"
Library (tcolorbox): 'tcbtheorems.code.tex' version '6.10.0'
)
("C:/Users/Farhan Aizuddin/AppData/Local/Programs/MiKTeX/tex/latex/tcolorbox/tc
bfitting.code.tex"
Library (tcolorbox): 'tcbfitting.code.tex' version '6.10.0'
\tcbfitdim=\dimen324
\tcb@lowerfitdim=\dimen325
\tcb@upperfitdim=\dimen326
\tcb@cur@hbadness=\count374
)
("C:/Users/Farhan Aizuddin/AppData/Local/Programs/MiKTeX/tex/latex/tcolorbox/tc
blistingsutf8.code.tex"
Library (tcolorbox): 'tcblistingsutf8.code.tex' version '6.10.0'

("C:/Users/Farhan Aizuddin/AppData/Local/Programs/MiKTeX/tex/latex/tcolorbox/tc
blistings.code.tex"
Library (tcolorbox): 'tcblistings.code.tex' version '6.10.0'

("C:/Users/Farhan Aizuddin/AppData/Local/Programs/MiKTeX/tex/latex/tcolorbox/tc
blistingscore.code.tex"
Library (tcolorbox): 'tcblistingscore.code.tex' version '6.10.0'

("C:/Users/Farhan Aizuddin/AppData/Local/Programs/MiKTeX/tex/latex/tcolorbox/tc
bprocessing.code.tex"
Library (tcolorbox): 'tcbprocessing.code.tex' version '6.10.0'
)
\c@tcblisting=\count375
))
Package tcolorbox Info: Library `listingsutf8' is compatible with pdftex only. 
Library `listings` is loaded instead. on input line 29.
)
("C:/Users/Farhan Aizuddin/AppData/Local/Programs/MiKTeX/tex/latex/tcolorbox/tc
bexternal.code.tex"
Library (tcolorbox): 'tcbexternal.code.tex' version '6.10.0'
)
("C:/Users/Farhan Aizuddin/AppData/Local/Programs/MiKTeX/tex/latex/tcolorbox/tc
bmagazine.code.tex"
Library (tcolorbox): 'tcbmagazine.code.tex' version '6.10.0'
)
("C:/Users/Farhan Aizuddin/AppData/Local/Programs/MiKTeX/tex/latex/tcolorbox/tc
bvignette.code.tex"
Library (tcolorbox): 'tcbvignette.code.tex' version '6.10.0'

("C:/Users/Farhan Aizuddin/AppData/Local/Programs/MiKTeX/tex/generic/pgf/fronte
ndlayer/tikz/libraries/tikzlibraryfadings.code.tex"
File: tikzlibraryfadings.code.tex 2026-08-01 v3.1.12 (3.1.12)

("C:/Users/Farhan Aizuddin/AppData/Local/Programs/MiKTeX/tex/generic/pgf/librar
ies/pgflibraryfadings.code.tex"
File: pgflibraryfadings.code.tex 2026-08-01 v3.1.12 (3.1.12)
)))
("C:/Users/Farhan Aizuddin/AppData/Local/Programs/MiKTeX/tex/latex/tcolorbox/tc
bposter.code.tex"
Library (tcolorbox): 'tcbposter.code.tex' version '6.10.0'
))
\c@expnum=\count376
\c@listing=\count377

("C:/Users/Farhan Aizuddin/AppData/Local/Programs/MiKTeX/tex/latex/titlesec/tit
letoc.sty"
Package: titletoc 2025/01/04 v2.17 TOC entries
\ttl@leftsep=\dimen327
)
("C:/Users/Farhan Aizuddin/AppData/Local/Programs/MiKTeX/tex/generic/babel/babe
l.sty"
Package: babel 2026/08/08 v26.10 The multilingual framework for LuaLaTeX, pdfLa
TeX and XeLaTeX

("C:/Users/Farhan Aizuddin/AppData/Local/Programs/MiKTeX/tex/generic/babel/luab
abel.def"
\bbl@readstream=\read4
\l@afrikaans=\language2
Package babel Info: Non-standard hyphenation setup on input line 118.
\l@ancientgreek=\language3
\l@arabic=\language4
\l@armenian=\language5
\l@assamese=\language6
\l@basque=\language7
\l@belarusian=\language8
\l@bengali=\language9
\l@bokmal=\language10
\l@bulgarian=\language11
\l@catalan=\language12
\l@churchslavonic=\language13
\l@classiclatin=\language14
\l@coptic=\language15
\l@croatian=\language16
\l@czech=\language17
\l@danish=\language18
\l@dutch=\language19
\l@esperanto=\language20
\l@estonian=\language21
\l@ethiopic=\language22
\l@farsi=\language23
\l@finnish=\language24
\l@french=\language25
\l@friulan=\language26
\l@galician=\language27
\l@georgian=\language28
\l@german=\language29
\l@german-x-2024-02-28=\language30
\l@greek=\language31
\l@gujarati=\language32
\l@hindi=\language33
\l@hungarian=\language34
\l@ibycus=\language35
\l@icelandic=\language36
\l@indonesian=\language37
\l@interlingua=\language38
\l@irish=\language39
\l@italian=\language40
\l@kannada=\language41
\l@kurmanji=\language42
\l@latin=\language43
\l@latvian=\language44
\l@lithuanian=\language45
\l@liturgicallatin=\language46
\l@macedonian=\language47
\l@malayalam=\language48
\l@marathi=\language49
\l@mongolian=\language50
\l@mongolianlmc=\language51
\l@monogreek=\language52
\l@ngerman=\language53
\l@ngerman-x-2024-02-28=\language54
\l@nynorsk=\language55
\l@occitan=\language56
\l@oriya=\language57
\l@pali=\language58
\l@panjabi=\language59
\l@piedmontese=\language60
\l@polish=\language61
\l@portuguese=\language62
\l@romanian=\language63
\l@romansh=\language64
\l@russian=\language65
\l@sanskrit=\language66
\l@serbian=\language67
\l@serbianc=\language68
\l@slovak=\language69
\l@slovenian=\language70
\l@spanish=\language71
\l@swedish=\language72
\l@swissgerman=\language73
\l@tamil=\language74
\l@telugu=\language75
\l@thai=\language76
\l@turkish=\language77
\l@turkmen=\language78
\l@ukenglish=\language79
\l@ukrainian=\language80
\l@uppersorbian=\language81
\l@usenglishmax=\language82
\l@welsh=\language83
\babelcatcodetablenum=\catcodetable14
\bbl@pattcodes=\catcodetable15
)
\babel@savecnt=\count378
LaTeX Encoding Info:    Redeclaring text command \ij (encoding OT1) on input li
ne 2105.
LaTeX Encoding Info:    Redeclaring text command \IJ (encoding OT1) on input li
ne 2107.
LaTeX Encoding Info:    Redeclaring text command \ij (encoding T1) on input lin
e 2109.
LaTeX Encoding Info:    Redeclaring text command \IJ (encoding T1) on input lin
e 2110.
LaTeX Encoding Info:    Ignoring declaration for text command \ij (encoding ?) 
on input line 2111.
LaTeX Encoding Info:    Ignoring declaration for text command \IJ (encoding ?) 
on input line 2113.
LaTeX Encoding Info:    Ignoring declaration for text command \SS (encoding ?) 
on input line 2138.
\U@D=\dimen328
\l@unhyphenated=\language84

("C:/Users/Farhan Aizuddin/AppData/Local/Programs/MiKTeX/tex/generic/babel/luab
abel.def"
\bbl@attr@locale=\attribute4
)
Package babel Info: Configuration files are deprecated, as
(babel)             they can break document portability.
(babel)             Reported on input line 4298.

*************************************
* Local config file bblopts.cfg used
*

("C:/Users/Farhan Aizuddin/AppData/Local/Programs/MiKTeX/tex/latex/arabi/bblopt
s.cfg"
File: bblopts.cfg 2005/09/08 v0.1 add Arabic and Farsi to "declared" options of
 babel
)
("C:/Users/Farhan Aizuddin/AppData/Local/Programs/MiKTeX/tex/generic/babel/loca
le/en/babel-english.tex")
Package babel Info: Importing font and identification data for 'english'
(babel)             from babel-en.ini. Reported on input line 4426.

("C:/Users/Farhan Aizuddin/AppData/Local/Programs/MiKTeX/tex/latex/babel-englis
h/english.ldf"
Language: english 2017/06/06 v3.3r English support from the babel system
Package babel Info: Hyphen rules for 'canadian' set to \l@english
(babel)             (\language0). Reported on input line 102.
Package babel Info: Hyphen rules for 'australian' set to \l@ukenglish
(babel)             (\language79). Reported on input line 105.
Package babel Info: Hyphen rules for 'newzealand' set to \l@ukenglish
(babel)             (\language79). Reported on input line 108.
))
("C:/Users/Farhan Aizuddin/AppData/Local/Programs/MiKTeX/tex/latex/csquotes/csq
uotes.sty"
Package: csquotes 2026-05-19 v5.2p context-sensitive quotations (JAW)
\csq@reset=\count379
\csq@gtype=\count380
\csq@glevel=\count381
\csq@qlevel=\count382
\csq@maxlvl=\count383
\csq@tshold=\count384
\csq@ltx@everypar=\toks45

("C:/Users/Farhan Aizuddin/AppData/Local/Programs/MiKTeX/tex/latex/csquotes/csq
uotes.def"
File: csquotes.def 2026-05-19 v5.2p csquotes generic definitions (JAW)
)
Package csquotes Info: Trying to load configuration file 'csquotes.cfg'...
Package csquotes Info: ... configuration file loaded successfully.

("C:/Users/Farhan Aizuddin/AppData/Local/Programs/MiKTeX/tex/latex/csquotes/csq
uotes.cfg"
File: csquotes.cfg 
)))
Package csquotes Info: Checking for multilingual support...
Package csquotes Info: ... found 'babel' package.
Package csquotes Info: Adjusting default style.
Package csquotes Info: Redefining alias 'default' -> 'english'.
 (./main.aux)
\openout1 = main.aux

LaTeX Font Info:    Checking defaults for OML/cmm/m/it on input line 15.
LaTeX Font Info:    ... okay on input line 15.
LaTeX Font Info:    Checking defaults for OMS/cmsy/m/n on input line 15.
LaTeX Font Info:    ... okay on input line 15.
LaTeX Font Info:    Checking defaults for OT1/cmr/m/n on input line 15.
LaTeX Font Info:    ... okay on input line 15.
LaTeX Font Info:    Checking defaults for T1/cmr/m/n on input line 15.
LaTeX Font Info:    ... okay on input line 15.
LaTeX Font Info:    Checking defaults for TS1/cmr/m/n on input line 15.
LaTeX Font Info:    ... okay on input line 15.
LaTeX Font Info:    Checking defaults for TU/lmr/m/n on input line 15.
LaTeX Font Info:    ... okay on input line 15.
LaTeX Font Info:    Checking defaults for OMX/cmex/m/n on input line 15.
LaTeX Font Info:    ... okay on input line 15.
LaTeX Font Info:    Checking defaults for U/cmr/m/n on input line 15.
LaTeX Font Info:    ... okay on input line 15.
LaTeX Font Info:    Checking defaults for PD1/pdf/m/n on input line 15.
LaTeX Font Info:    ... okay on input line 15.
LaTeX Font Info:    Checking defaults for PU/pdf/m/n on input line 15.
LaTeX Font Info:    ... okay on input line 15.
LaTeX Font Info:    Overwriting math alphabet `\mathsf' in version `normal'
(Font)                  OT1/cmss/m/n --> TU/lmss/m/n on input line 15.
LaTeX Font Info:    Overwriting math alphabet `\mathsf' in version `bold'
(Font)                  OT1/cmss/bx/n --> TU/lmss/b/n on input line 15.

("C:/Users/Farhan Aizuddin/AppData/Local/Programs/MiKTeX/tex/context/base/mkii/
supp-pdf.mkii"
[Loading MPS to PDF converter (version 2006.09.02).]
\scratchcounter=\count385
\scratchdimen=\dimen329
\scratchbox=\box92
\nofMPsegments=\count386
\nofMParguments=\count387
\everyMPshowfont=\toks46
\MPscratchCnt=\count388
\MPscratchDim=\dimen330
\MPnumerator=\count389
\makeMPintoPDFobject=\count390
\everyMPtoPDFconversion=\toks47
)
("C:/Users/Farhan Aizuddin/AppData/Local/Programs/MiKTeX/tex/latex/epstopdf-pkg
/epstopdf-base.sty"
Package: epstopdf-base 2020-01-24 v2.11 Base part for package epstopdf
Package epstopdf-base Info: Redefining graphics rule for `.eps' on input line 4
85.

("C:/Users/Farhan Aizuddin/AppData/Local/Programs/MiKTeX/tex/latex/00miktex/eps
topdf-sys.cfg"
File: epstopdf-sys.cfg 2021/03/18 v2.0 Configuration of epstopdf for MiKTeX
))
*geometry* driver: auto-detecting
*geometry* detected driver: luatex
*geometry* verbose mode - [ preamble ] result:
* driver: luatex
* paper: a4paper
* layout: <same size as paper>
* layoutoffset:(h,v)=(0.0pt,0.0pt)
* modes: 
* h-part:(L,W,R)=(62.59596pt, 472.31595pt, 62.59596pt)
* v-part:(T,H,B)=(62.59596pt, 719.85492pt, 62.59596pt)
* \paperwidth=597.50787pt
* \paperheight=845.04684pt
* \textwidth=472.31595pt
* \textheight=719.85492pt
* \oddsidemargin=-9.67403pt
* \evensidemargin=-9.67403pt
* \topmargin=-62.67403pt
* \headheight=28.0pt
* \headsep=25.0pt
* \topskip=11.0pt
* \footskip=30.0pt
* \marginparwidth=59.0pt
* \marginparsep=10.0pt
* \columnsep=10.0pt
* \skip\footins=10.0pt plus 4.0pt minus 2.0pt
* \hoffset=0.0pt
* \voffset=0.0pt
* \mag=1000
* \@twocolumnfalse
* \@twosidefalse
* \@mparswitchfalse
* \@reversemarginfalse
* (1in=72.27pt=25.4mm, 1cm=28.453pt)

Package caption Info: Begin \AtBeginDocument code.
Package caption Info: hyperref package is loaded.
Package caption Info: listings package is loaded.
Package caption Info: End \AtBeginDocument code.
Package hyperref Info: Link coloring ON on input line 15.
(./main.out) (./main.out)
\@outlinefile=\write4

\openout4 = main.out
\c@lstlisting=\count391
Package babel Info: Main language set to 'english'.
<figures/usm-logo.png, id=82, 1377.145pt x 843.15pt>
File: figures/usm-logo.png Graphic file (type png)
<use figures/usm-logo.png>
Package luatex.def Info: figures/usm-logo.png  used on input line 21.
(luatex.def)             Requested size: 236.15797pt x 144.58154pt.
 [1

{C:/Users/Farhan Aizuddin/AppData/Local/MiKTeX/fonts/map/pdftex/pdftex.map}<./fi
gures/usm-logo.png>] (./main.toc)
\tf@toc=\write5

\openout5 = main.toc

warning  (pdf backend): ignoring duplicate destination with the name 'page.1'
[1] (./experiments/exp01.tex
<figures/seee-emblem-only.png, id=114, 2341.74875pt x 803.0pt>
File: figures/seee-emblem-only.png Graphic file (type png)
<use figures/seee-emblem-only.png>
Package luatex.def Info: figures/seee-emblem-only.png  used on input line 4.
(luatex.def)             Requested size: 102.43008pt x 35.11646pt.
<figures/exp1-2-trainer.jpg, id=116, 2352.79pt x 1875.005pt>
File: figures/exp1-2-trainer.jpg Graphic file (type jpg)
<use figures/exp1-2-trainer.jpg>
Package luatex.def Info: figures/exp1-2-trainer.jpg  used on input line 41.
(luatex.def)             Requested size: 382.01434pt x 304.4129pt.


Package caption Warning: The option `hypcap=true' will be ignored for this
(caption)                particular \caption on input line 42.
See the caption package documentation for explanation.


Package caption Warning: The option `hypcap=true' will be ignored for this
(caption)                particular \caption on input line 49.
See the caption package documentation for explanation.

<figures/exp1-2-controller.jpg, id=117, 1875.005pt x 2768.3425pt>
File: figures/exp1-2-controller.jpg Graphic file (type jpg)
<use figures/exp1-2-controller.jpg>
Package luatex.def Info: figures/exp1-2-controller.jpg  used on input line 81.
(luatex.def)             Requested size: 292.12376pt x 431.28522pt.

Package caption Warning: The option `hypcap=true' will be ignored for this
(caption)                particular \caption on input line 82.
See the caption package documentation for explanation.


Package caption Warning: The option `hypcap=true' will be ignored for this
(caption)                particular \caption on input line 144.
See the caption package documentation for explanation.


warning  (pdf backend): ignoring duplicate destination with the name 'page.1'
[1


<./figures/seee-emblem-only.png>] [2<./figures/exp1-2-trainer.jpg>] [3<./figures
/exp1-2-controller.jpg>] [4]) (./experiments/exp02.tex [5]
File: figures/seee-emblem-only.png Graphic file (type png)
<use figures/seee-emblem-only.png>
Package luatex.def Info: figures/seee-emblem-only.png  used on input line 4.
(luatex.def)             Requested size: 102.43008pt x 35.11646pt.
File: figures/exp1-2-trainer.jpg Graphic file (type jpg)
<use figures/exp1-2-trainer.jpg>
Package luatex.def Info: figures/exp1-2-trainer.jpg  used on input line 37.
(luatex.def)             Requested size: 382.01434pt x 304.4129pt.


Package caption Warning: The option `hypcap=true' will be ignored for this
(caption)                particular \caption on input line 38.
See the caption package documentation for explanation.

File: figures/exp1-2-controller.jpg Graphic file (type jpg)
<use figures/exp1-2-controller.jpg>
Package luatex.def Info: figures/exp1-2-controller.jpg  used on input line 51.
(luatex.def)             Requested size: 215.72227pt x 318.50053pt.

Package caption Warning: The option `hypcap=true' will be ignored for this
(caption)                particular \caption on input line 52.
See the caption package documentation for explanation.


Package caption Warning: The option `hypcap=true' will be ignored for this
(caption)                particular \caption on input line 69.
See the caption package documentation for explanation.


Package caption Warning: The option `hypcap=true' will be ignored for this
(caption)                particular \caption on input line 140.
See the caption package documentation for explanation.

[6

] [7] [8] [9]) (./experiments/exp03.tex [10]
File: figures/seee-emblem-only.png Graphic file (type png)
<use figures/seee-emblem-only.png>
Package luatex.def Info: figures/seee-emblem-only.png  used on input line 4.
(luatex.def)             Requested size: 102.43008pt x 35.11646pt.
LaTeX Font Info:    Font shape `TU/JetBrainsMono(0)/m/n' will be
(Font)              scaled to size 10.27296pt on input line 32.
<figures/Exp3_Figure_1.png, id=266, 757.6305pt x 501.072pt>
File: figures/Exp3_Figure_1.png Graphic file (type png)
<use figures/Exp3_Figure_1.png>
Package luatex.def Info: figures/Exp3_Figure_1.png  used on input line 48.
(luatex.def)             Requested size: 382.01434pt x 252.64561pt.


Package caption Warning: The option `hypcap=true' will be ignored for this
(caption)                particular \caption on input line 49.
See the caption package documentation for explanation.


Package caption Warning: The option `hypcap=true' will be ignored for this
(caption)                particular \caption on input line 55.
See the caption package documentation for explanation.


("C:/Users/Farhan Aizuddin/AppData/Local/Programs/MiKTeX/tex/latex/listings/lst
lang1.sty"
File: lstlang1.sty 2025/11/14 1.11b listings language file
)
("C:/Users/Farhan Aizuddin/AppData/Local/Programs/MiKTeX/tex/latex/listings/lst
lang2.sty"
File: lstlang2.sty 2025/11/14 1.11b listings language file
)
("C:/Users/Farhan Aizuddin/AppData/Local/Programs/MiKTeX/tex/latex/listings/lst
lang3.sty"
File: lstlang3.sty 2025/11/14 1.11b listings language file
)
LaTeX Font Info:    Font shape `TU/JetBrainsMono(0)/m/n' will be
(Font)              scaled to size 9.38171pt on input line 87.
LaTeX Font Info:    Font shape `TU/JetBrainsMono(0)/b/n' will be
(Font)              scaled to size 9.38171pt on input line 88.
<figures/Exp3_Figure_2.png, id=270, 459.51675pt x 286.06876pt>
File: figures/Exp3_Figure_2.png Graphic file (type png)
<use figures/Exp3_Figure_2.png>
Package luatex.def Info: figures/Exp3_Figure_2.png  used on input line 112.
(luatex.def)             Requested size: 382.01434pt x 237.82549pt.


Package caption Warning: The option `hypcap=true' will be ignored for this
(caption)                particular \caption on input line 113.
See the caption package documentation for explanation.

<figures/Exp3_Figure_3.png, id=275, 257.16075pt x 235.47975pt>
File: figures/Exp3_Figure_3.png Graphic file (type png)
<use figures/Exp3_Figure_3.png>
Package luatex.def Info: figures/Exp3_Figure_3.png  used on input line 159.
(luatex.def)             Requested size: 382.01434pt x 349.80887pt.

Package caption Warning: The option `hypcap=true' will be ignored for this
(caption)                particular \caption on input line 160.
See the caption package documentation for explanation.

<figures/Exp3_Figure_4.png, id=276, 752.8125pt x 221.02576pt>
File: figures/Exp3_Figure_4.png Graphic file (type png)
<use figures/Exp3_Figure_4.png>
Package luatex.def Info: figures/Exp3_Figure_4.png  used on input line 167.
(luatex.def)             Requested size: 382.01434pt x 112.16179pt.

Package caption Warning: The option `hypcap=true' will be ignored for this
(caption)                particular \caption on input line 168.
See the caption package documentation for explanation.

<figures/Exp3_Figure_6.png, id=279, 751.30687pt x 95.6072pt>
File: figures/Exp3_Figure_6.png Graphic file (type png)
<use figures/Exp3_Figure_6.png>
Package luatex.def Info: figures/Exp3_Figure_6.png  used on input line 211.
(luatex.def)             Requested size: 449.42542pt x 57.1926pt.

Package caption Warning: The option `hypcap=true' will be ignored for this
(caption)                particular \caption on input line 212.
See the caption package documentation for explanation.


Package caption Warning: The option `hypcap=true' will be ignored for this
(caption)                particular \caption on input line 245.
See the caption package documentation for explanation.

[11

] [12<./figures/Exp3_Figure_1.png>] [13<./figures/Exp3_Figure_2.png>]
[14] [15<./figures/Exp3_Figure_3.png><./figures/Exp3_Figure_4.png>] [16<./figure
s/Exp3_Figure_6.png>]) (./experiments/exp04.tex [17]
File: figures/seee-emblem-only.png Graphic file (type png)
<use figures/seee-emblem-only.png>
Package luatex.def Info: figures/seee-emblem-only.png  used on input line 4.
(luatex.def)             Requested size: 102.43008pt x 35.11646pt.
<figures/Exp4_Figure_1.png, id=439, 754.31813pt x 301.125pt>
File: figures/Exp4_Figure_1.png Graphic file (type png)
<use figures/Exp4_Figure_1.png>
Package luatex.def Info: figures/Exp4_Figure_1.png  used on input line 79.
(luatex.def)             Requested size: 382.01434pt x 152.50111pt.


Package caption Warning: The option `hypcap=true' will be ignored for this
(caption)                particular \caption on input line 80.
See the caption package documentation for explanation.


Package caption Warning: The option `hypcap=true' will be ignored for this
(caption)                particular \caption on input line 86.
See the caption package documentation for explanation.

[18

] [19<./figures/Exp4_Figure_1.png>]) (./experiments/exp05.tex [20]
File: figures/seee-emblem-only.png Graphic file (type png)
<use figures/seee-emblem-only.png>
Package luatex.def Info: figures/seee-emblem-only.png  used on input line 4.
(luatex.def)             Requested size: 102.43008pt x 35.11646pt.


Package caption Warning: The option `hypcap=true' will be ignored for this
(caption)                particular \caption on input line 32.
See the caption package documentation for explanation.

[21

]
<figures/Exp5_Figure_1.png, id=511, 578.91281pt x 367.3725pt>
File: figures/Exp5_Figure_1.png Graphic file (type png)
<use figures/Exp5_Figure_1.png>
Package luatex.def Info: figures/Exp5_Figure_1.png  used on input line 59.
(luatex.def)             Requested size: 401.47144pt x 254.77098pt.


Package caption Warning: The option `hypcap=true' will be ignored for this
(caption)                particular \caption on input line 68.
See the caption package documentation for explanation.


Package caption Warning: The option `hypcap=true' will be ignored for this
(caption)                particular \caption on input line 74.
See the caption package documentation for explanation.

[22<./figures/Exp5_Figure_1.png>]
<figures/Exp5_Figure_2.png, id=522, 755.82375pt x 268.75406pt>
File: figures/Exp5_Figure_2.png Graphic file (type png)
<use figures/Exp5_Figure_2.png>
Package luatex.def Info: figures/Exp5_Figure_2.png  used on input line 122.
(luatex.def)             Requested size: 404.48012pt x 143.82506pt.


Package caption Warning: The option `hypcap=true' will be ignored for this
(caption)                particular \caption on input line 123.
See the caption package documentation for explanation.


Underfull \hbox (badness 1701) in paragraph at lines 123--123
[][]\TU/IBMPlexSans(0)/m/n/10 Fig-ure 5.2[][]: []|[]Schematic di-a-gram for the LCD in-ter-face: \TU/JetBrainsMono(0)/m/n/10 lcd_t \TU/IBMPlexSans(0)/m/n/10 (lookup-table se-quencer) feed-ing
 []


Package caption Warning: The option `hypcap=true' will be ignored for this
(caption)                particular \caption on input line 129.
See the caption package documentation for explanation.

LaTeX Font Info:    Font shape `TU/JetBrainsMono(0)/m/it' will be
(Font)              scaled to size 9.38171pt on input line 157.
[23] [24<./figures/Exp5_Figure_2.png>]

Package tcolorbox Warning: The upper box part has become overfull on input line
 347.

[25] [26]

Package tcolorbox Warning: The upper box part has become overfull on input line
 347.

[27]) (./experiments/exp06.tex [28]
File: figures/seee-emblem-only.png Graphic file (type png)
<use figures/seee-emblem-only.png>
Package luatex.def Info: figures/seee-emblem-only.png  used on input line 4.
(luatex.def)             Requested size: 102.43008pt x 35.11646pt.


Package caption Warning: The option `hypcap=true' will be ignored for this
(caption)                particular \caption on input line 32.
See the caption package documentation for explanation.

<figures/Exp6_Figure_1.png, id=740, 621.07031pt x 155.83218pt>
File: figures/Exp6_Figure_1.png Graphic file (type png)
<use figures/Exp6_Figure_1.png>
Package luatex.def Info: figures/Exp6_Figure_1.png  used on input line 70.
(luatex.def)             Requested size: 314.5964pt x 78.9336pt.

Package caption Warning: The option `hypcap=true' will be ignored for this
(caption)                particular \caption on input line 71.
See the caption package documentation for explanation.


Package caption Warning: The option `hypcap=true' will be ignored for this
(caption)                particular \caption on input line 77.
See the caption package documentation for explanation.

[29

] [30<./figures/Exp6_Figure_1.png>] [31]

Package tcolorbox Warning: The upper box part has become overfull on input line
 248.

[32]
Underfull \hbox (badness 2671) in paragraph at lines 256--257
[]\TU/IBMPlexSans(0)/m/n/10.95 Par-al-lax Inc., \TU/IBMPlexSans(0)/m/it/10.95 4-
Phase 12-Volt 75$ \TU/STIXTwoMath-Regular(1)/m/n/10.95 Ω$ \TU/IBMPlexSans(0)/m
/it/10.95 Unipo-lar Step-per Mo-tor (#27964)\TU/IBMPlexSans(0)/m/n/10.95 , tech-
ni-cal
 []

) (./experiments/exp07.tex [33]
File: figures/seee-emblem-only.png Graphic file (type png)
<use figures/seee-emblem-only.png>
Package luatex.def Info: figures/seee-emblem-only.png  used on input line 4.
(luatex.def)             Requested size: 102.43008pt x 35.11646pt.
 [34

]

Package caption Warning: The option `hypcap=true' will be ignored for this
(caption)                particular \caption on input line 57.
See the caption package documentation for explanation.


Package caption Warning: The option `hypcap=true' will be ignored for this
(caption)                particular \caption on input line 107.
See the caption package documentation for explanation.


Package caption Warning: The option `hypcap=true' will be ignored for this
(caption)                particular \caption on input line 141.
See the caption package documentation for explanation.


Package caption Warning: The option `hypcap=true' will be ignored for this
(caption)                particular \caption on input line 161.
See the caption package documentation for explanation.

[35] [36] [37]) (./experiments/exp08.tex [38]
File: figures/seee-emblem-only.png Graphic file (type png)
<use figures/seee-emblem-only.png>
Package luatex.def Info: figures/seee-emblem-only.png  used on input line 4.
(luatex.def)             Requested size: 102.43008pt x 35.11646pt.


Package caption Warning: The option `hypcap=true' will be ignored for this
(caption)                particular \caption on input line 51.
See the caption package documentation for explanation.

[39

]
Underfull \hbox (badness 1303) in paragraph at lines 62--63
[]\TU/IBMPlexSans(0)/m/n/10.95 Ob-tain the resistance--temperature char-ac-ter-i
s-tic for the NTC ther-mis-tor from its
 []


Underfull \hbox (badness 1024) in paragraph at lines 80--81
[]\TU/IBMPlexSans(0)/m/n/10.95 Ver-ify both the in-put and out-put wiring us-ing
 the DAQ card’s bun-dled con-fig-u-ra-
 []


Package caption Warning: The option `hypcap=true' will be ignored for this
(caption)                particular \caption on input line 132.
See the caption package documentation for explanation.


Package caption Warning: The option `hypcap=true' will be ignored for this
(caption)                particular \caption on input line 144.
See the caption package documentation for explanation.

[40] [41] [42]) (./experiments/exp09.tex [43]
File: figures/seee-emblem-only.png Graphic file (type png)
<use figures/seee-emblem-only.png>
Package luatex.def Info: figures/seee-emblem-only.png  used on input line 4.
(luatex.def)             Requested size: 102.43008pt x 35.11646pt.
 [44

]

Package caption Warning: The option `hypcap=true' will be ignored for this
(caption)                particular \caption on input line 50.
See the caption package documentation for explanation.

<figures/Exp9_Figure_1.png, id=1021, 624.08156pt x 239.39438pt>
File: figures/Exp9_Figure_1.png Graphic file (type png)
<use figures/Exp9_Figure_1.png>
Package luatex.def Info: figures/Exp9_Figure_1.png  used on input line 69.
(luatex.def)             Requested size: 401.47144pt x 154.00453pt.

Package caption Warning: The option `hypcap=true' will be ignored for this
(caption)                particular \caption on input line 73.
See the caption package documentation for explanation.

<figures/Exp9_Figure_2.png, id=1025, 459.96844pt x 282.30469pt>
File: figures/Exp9_Figure_2.png Graphic file (type png)
<use figures/Exp9_Figure_2.png>
Package luatex.def Info: figures/Exp9_Figure_2.png  used on input line 92.
(luatex.def)             Requested size: 337.06906pt x 206.88622pt.

Package caption Warning: The option `hypcap=true' will be ignored for this
(caption)                particular \caption on input line 93.
See the caption package documentation for explanation.


Package caption Warning: The option `hypcap=true' will be ignored for this
(caption)                particular \caption on input line 99.
See the caption package documentation for explanation.


Package caption Warning: The option `hypcap=true' will be ignored for this
(caption)                particular \caption on input line 142.
See the caption package documentation for explanation.

[45<./figures/Exp9_Figure_1.png>] [46<./figures/Exp9_Figure_2.png>])
(./experiments/exp10.tex [47]
File: figures/seee-emblem-only.png Graphic file (type png)
<use figures/seee-emblem-only.png>
Package luatex.def Info: figures/seee-emblem-only.png  used on input line 4.
(luatex.def)             Requested size: 102.43008pt x 35.11646pt.
<figures/Exp10_Figure_1.png, id=1069, 490.08093pt x 276.28218pt>
File: figures/Exp10_Figure_1.png Graphic file (type png)
<use figures/Exp10_Figure_1.png>
Package luatex.def Info: figures/Exp10_Figure_1.png  used on input line 47.
(luatex.def)             Requested size: 359.5417pt x 202.69608pt.


Package caption Warning: The option `hypcap=true' will be ignored for this
(caption)                particular \caption on input line 48.
See the caption package documentation for explanation.


Package caption Warning: The option `hypcap=true' will be ignored for this
(caption)                particular \caption on input line 54.
See the caption package documentation for explanation.


Package caption Warning: The option `hypcap=true' will be ignored for this
(caption)                particular \caption on input line 102.
See the caption package documentation for explanation.

[48

] [49<./figures/Exp10_Figure_1.png>]) [50] (./main.aux)
 ***********
LaTeX2e <2026-06-01>
L3 programming layer <2026-07-20>
 ***********
Package rerunfilecheck Info: File `main.out' has not changed.
(rerunfilecheck)             Checksum: B46255FA24EA5417DC7671DB6DBC7930;2303.
)

Here is how much of LuaTeX's memory you used:
 41372 strings out of 475695
 1164497,1977958 words of node,token memory allocated
 1359 words of node memory still in use:
   30 hlist, 2 vlist, 14 rule, 2 glue, 4 kern, 1 glyph, 90 attribute, 64 glue_sp
ec, 82 attribute_list, 2 write, 24 pdf_literal, 24 pdf_colorstack nodes
   avail lists: 1:3,2:35623,3:1675,4:24487,5:22266,6:289,7:29797,8:47,9:66615,10
:41,11:3435
 62453 multiletter control sequences out of 65536+600000
 114 fonts using 42736899 bytes
 97i,13n,117p,643b,1762s stack positions out of 10000i,1000n,20000p,200000b,200000s
<./fonts/PlexSans/IBMPlexSans-Regular.ttf><./fonts/JetBrainsMono/JetBrainsMono-I
talic.ttf><./fonts/STIX2/STIXTwoMath-Regular.ttf><./fonts/JetBrainsMono/JetBrain
sMono-Bold.ttf><./fonts/JetBrainsMono/JetBrainsMono-Regular.ttf><./fonts/STIX2/S
TIXTwoMath-Regular.ttf><./fonts/STIX2/STIXTwoMath-Regular.ttf><./fonts/PlexSans/
IBMPlexSans-Italic.ttf><./fonts/PlexSans/IBMPlexSans-SemiBold.ttf><./fonts/PlexS
ans/IBMPlexSans-Regular.ttf><./fonts/PlexSans/IBMPlexSans-Medium.ttf><./fonts/Pl
exSans/IBMPlexSans-Light.ttf>
Output written on main.pdf (52 pages, 4460060 bytes).

PDF statistics: 1209 PDF objects out of 1440 (max. 8388607)
 733 named destinations out of 1000 (max. 1048576)
 336 words of extra memory for PDF output out of 10000 (max. 100000000)

